sale_11.csv
Unnamed: 0,product_id,store_id,date,sales,revenue,stock,price,promo_type_1,promo_bin_1,promo_type_2,promo_bin_2,promo_discount_2,promo_discount_type_2,product_length,product_depth,product_width,cluster_id,hierarchy1_id,hierarchy2_id,hierarchy3_id,hierarchy4_id,hierarchy5_id,storetype_id,store_size,city_id
8167734,P0129,S0048,2018-06-09,1.0,21.99,20.0,,PR14,,PR03,,,,22.2,22.2,44.4,cluster_0,H01,H0107,H010701,H01070110,H0107011026,ST01,83,C031
8187268,P0129,S0048,2018-06-10,0.0,0.0,20.0,,PR14,,PR03,,,,22.2,22.2,44.4,cluster_0,H01,H0107,H010701,H01070110,H0107011026,ST01,83,C031
8206748,P0129,S0048,2018-06-11,1.0,21.99,19.0,,PR14,,PR03,,,,22.2,22.2,44.4,cluster_0,H01,H0107,H010701,H01070110,H0107011026,ST01,83,C031
8226204,P0129,S0048,2018-06-12,0.0,0.0,19.0,,PR14,,PR03,,,,22.2,22.2,44.4,cluster_0,H01,H0107,H010701,H01070110,H0107011026,ST01,83,C031
8245691,P0129,S0048,2018-06-13,0.0,0.0,19.0,,PR14,,PR03,,,,22.2,22.2,44.4,cluster_0,H01,H0107,H010701,H01070110,H0107011026,ST01,83,C031
8265162,P0129,S0048,2018-06-14,1.0,21.99,18.0,,PR14,,PR03,,,,22.2,22.2,44.4,cluster_0,H01,H0107,H010701,H01070110,H0107011026,ST01,83,C031
8284651,P0129,S0048,2018-06-15,0.0,0.0,18.0,,PR14,,PR03,,,,22.2,22.2,44.4,cluster_0,H01,H0107,H010701,H01070110,H0107011026,ST01,83,C031
8304087,P0129,S0048,2018-06-16,0.0,0.0,18.0,,PR14,,PR03,,,,22.2,22.2,44.4,cluster_0,H01,H0107,H010701,H01070110,H0107011026,ST01,83,C031
8323655,P0129,S0048,2018-06-17,0.0,0.0,18.0,,PR14,,PR03,,,,22.2,22.2,44.4,cluster_0,H01,H0107,H010701,H01070110,H0107011026,ST01,83,C031
8343205,P0129,S0048,2018-06-18,0.0,0.0,18.0,,PR14,,PR03,,,,22.2,22.2,44.4,cluster_0,H01,H0107,H010701,H01070110,H0107011026,ST01,83,C031
8362729,P0129,S0048,2018-06-19,0.0,0.0,18.0,,PR14,,PR03,,,,22.2,22.2,44.4,cluster_0,H01,H0107,H010701,H01070110,H0107011026,ST01,83,C031
8382310,P0129,S0048,2018-06-20,0.0,0.0,18.0,,PR14,,PR03,,,,22.2,22.2,44.4,cluster_0,H01,H0107,H010701,H01070110,H0107011026,ST01,83,C031
8401936,P0129,S0048,2018-06-21,0.0,0.0,18.0,,PR14,,PR03,,,,22.2,22.2,44.4,cluster_0,H01,H0107,H010701,H01070110,H0107011026,ST01,83,C031
8421624,P0129,S0048,2018-06-22,0.0,0.0,18.0,,PR14,,PR03,,,,22.2,22.2,44.4,cluster_0,H01,H0107,H010701,H01070110,H0107011026,ST01,83,C031
8441349,P0129,S0048,2018-06-23,1.0,21.99,17.0,,PR14,,PR03,,,,22.2,22.2,44.4,cluster_0,H01,H0107,H010701,H01070110,H0107011026,ST01,83,C031
8461133,P0129,S0048,2018-06-24,0.0,0.0,17.0,,PR14,,PR03,,,,22.2,22.2,44.4,cluster_0,H01,H0107,H010701,H01070110,H0107011026,ST01,83,C031
8480857,P0129,S0048,2018-06-25,0.0,0.0,17.0,,PR14,,PR03,,,,22.2,22.2,44.4,cluster_0,H01,H0107,H010701,H01070110,H0107011026,ST01,83,C031
8500576,P0129,S0048,2018-06-26,0.0,0.0,17.0,,PR14,,PR03,,,,22.2,22.2,44.4,cluster_0,H01,H0107,H010701,H01070110,H0107011026,ST01,83,C031
8520323,P0129,S0048,2018-06-27,0.0,0.0,17.0,,PR14,,PR03,,,,22.2,22.2,44.4,cluster_0,H01,H0107,H010701,H01070110,H0107011026,ST01,83,C031
8540051,P0129,S0048,2018-06-28,0.0,0.0,17.0,,PR14,,PR03,,,,22.2,22.2,44.4,cluster_0,H01,H0107,H010701,H01070110,H0107011026,ST01,83,C031
8559769,P0129,S0048,2018-06-29,0.0,0.0,17.0,,PR14,,PR03,,,,22.2,22.2,44.4,cluster_0,H01,H0107,H010701,H01070110,H0107011026,ST01,83,C031
8579453,P0129,S0048,2018-06-30,1.0,21.95,16.0,,PR14,,PR03,,,,22.2,22.2,44.4,cluster_0,H01,H0107,H010701,H01070110,H0107011026,ST01,83,C031
8599214,P0129,S0048,2018-07-01,0.0,0.0,16.0,,PR14,,PR03,,,,22.2,22.2,44.4,cluster_0,H01,H0107,H010701,H01070110,H0107011026,ST01,83,C031
8618961,P0129,S0048,2018-07-02,0.0,0.0,16.0,,PR14,,PR03,,,,22.2,22.2,44.4,cluster_0,H01,H0107,H010701,H01070110,H0107011026,ST01,83,C031
8638726,P0129,S0048,2018-07-03,0.0,0.0,16.0,,PR14,,PR03,,,,22.2,22.2,44.4,cluster_0,H01,H0107,H010701,H01070110,H0107011026,ST01,83,C031
8658509,P0129,S0048,2018-07-04,0.0,0.0,16.0,,PR14,,PR03,,,,22.2,22.2,44.4,cluster_0,H01,H0107,H010701,H01070110,H0107011026,ST01,83,C031
8678301,P0129,S0048,2018-07-05,2.0,43.9,14.0,,PR14,,PR03,,,,22.2,22.2,44.4,cluster_0,H01,H0107,H010701,H01070110,H0107011026,ST01,83,C031
8698081,P0129,S0048,2018-07-06,2.0,43.9,12.0,,PR14,,PR03,,,,22.2,22.2,44.4,cluster_0,H01,H0107,H010701,H01070110,H0107011026,ST01,83,C031
8717904,P0129,S0048,2018-07-07,0.0,0.0,18.0,,PR14,,PR03,,,,22.2,22.2,44.4,cluster_0,H01,H0107,H010701,H01070110,H0107011026,ST01,83,C031
8737767,P0129,S0048,2018-07-08,0.0,0.0,18.0,,PR14,,PR03,,,,22.2,22.2,44.4,cluster_0,H01,H0107,H010701,H01070110,H0107011026,ST01,83,C031
8757576,P0129,S0048,2018-07-09,1.0,21.95,17.0,,PR14,,PR03,,,,22.2,22.2,44.4,cluster_0,H01,H0107,H010701,H01070110,H0107011026,ST01,83,C031
8777364,P0129,S0048,2018-07-10,1.0,21.95,16.0,,PR14,,PR03,,,,22.2,22.2,44.4,cluster_0,H01,H0107,H010701,H01070110,H0107011026,ST01,83,C031
8797187,P0129,S0048,2018-07-11,0.0,0.0,16.0,,PR14,,PR03,,,,22.2,22.2,44.4,cluster_0,H01,H0107,H010701,H01070110,H0107011026,ST01,83,C031
8817029,P0129,S0048,2018-07-12,0.0,0.0,16.0,,PR14,,PR03,,,,22.2,22.2,44.4,cluster_0,H01,H0107,H010701,H01070110,H0107011026,ST01,83,C031
8836922,P0129,S0048,2018-07-13,0.0,0.0,16.0,,PR14,,PR03,,,,22.2,22.2,44.4,cluster_0,H01,H0107,H010701,H01070110,H0107011026,ST01,83,C031
8856862,P0129,S0048,2018-07-14,0.0,0.0,16.0,,PR14,,PR03,,,,22.2,22.2,44.4,cluster_0,H01,H0107,H010701,H01070110,H0107011026,ST01,83,C031
8876822,P0129,S0048,2018-07-15,1.0,21.95,15.0,,PR14,,PR03,,,,22.2,22.2,44.4,cluster_0,H01,H0107,H010701,H01070110,H0107011026,ST01,83,C031
8896747,P0129,S0048,2018-07-16,0.0,0.0,15.0,,PR14,,PR03,,,,22.2,22.2,44.4,cluster_0,H01,H0107,H010701,H01070110,H0107011026,ST01,83,C031
8916695,P0129,S0048,2018-07-17,0.0,0.0,15.0,,PR14,,PR03,,,,22.2,22.2,44.4,cluster_0,H01,H0107,H010701,H01070110,H0107011026,ST01,83,C031
8936646,P0129,S0048,2018-07-18,1.0,21.95,14.0,,PR14,,PR03,,,,22.2,22.2,44.4,cluster_0,H01,H0107,H010701,H01070110,H0107011026,ST01,83,C031
8956619,P0129,S0048,2018-07-19,0.0,0.0,14.0,,PR14,,PR03,,,,22.2,22.2,44.4,cluster_0,H01,H0107,H010701,H01070110,H0107011026,ST01,83,C031
8976587,P0129,S0048,2018-07-20,0.0,0.0,14.0,,PR14,,PR03,,,,22.2,22.2,44.4,cluster_0,H01,H0107,H010701,H01070110,H0107011026,ST01,83,C031
8996548,P0129,S0048,2018-07-21,0.0,0.0,14.0,,PR14,,PR03,,,,22.2,22.2,44.4,cluster_0,H01,H0107,H010701,H01070110,H0107011026,ST01,83,C031
9016543,P0129,S0048,2018-07-22,1.0,21.95,13.0,,PR14,,PR03,,,,22.2,22.2,44.4,cluster_0,H01,H0107,H010701,H01070110,H0107011026,ST01,83,C031
9036475,P0129,S0048,2018-07-23,0.0,0.0,13.0,,PR14,,PR03,,,,22.2,22.2,44.4,cluster_0,H01,H0107,H010701,H01070110,H0107011026,ST01,83,C031
9056361,P0129,S0048,2018-07-24,1.0,21.95,13.0,,PR14,,PR03,,,,22.2,22.2,44.4,cluster_0,H01,H0107,H010701,H01070110,H0107011026,ST01,83,C031
9076237,P0129,S0048,2018-07-25,3.0,58.22,12.0,,PR14,,PR03,,,,22.2,22.2,44.4,cluster_0,H01,H0107,H010701,H01070110,H0107011026,ST01,83,C031
9096103,P0129,S0048,2018-07-26,0.0,0.0,15.0,,PR14,,PR03,,,,22.2,22.2,44.4,cluster_0,H01,H0107,H010701,H01070110,H0107011026,ST01,83,C031
9115923,P0129,S0048,2018-07-27,1.0,19.41,14.0,,PR14,,PR03,,,,22.2,22.2,44.4,cluster_0,H01,H0107,H010701,H01070110,H0107011026,ST01,83,C031
9135695,P0129,S0048,2018-07-28,0.0,0.0,14.0,,PR14,,PR03,,,,22.2,22.2,44.4,cluster_0,H01,H0107,H010701,H01070110,H0107011026,ST01,83,C031
9155471,P0129,S0048,2018-07-29,0.0,0.0,14.0,,PR14,,PR03,,,,22.2,22.2,44.4,cluster_0,H01,H0107,H010701,H01070110,H0107011026,ST01,83,C031
9175237,P0129,S0048,2018-07-30,0.0,0.0,14.0,,PR14,,PR03,,,,22.2,22.2,44.4,cluster_0,H01,H0107,H010701,H01070110,H0107011026,ST01,83,C031
9194919,P0129,S0048,2018-07-31,2.0,45.68,12.0,,PR14,,PR03,,,,22.2,22.2,44.4,cluster_0,H01,H0107,H010701,H01070110,H0107011026,ST01,83,C031
9214615,P0129,S0048,2018-08-01,1.0,22.84,11.0,,PR14,,PR03,,,,22.2,22.2,44.4,cluster_0,H01,H0107,H010701,H01070110,H0107011026,ST01,83,C031
9234386,P0129,S0048,2018-08-02,0.0,0.0,11.0,,PR14,,PR03,,,,22.2,22.2,44.4,cluster_0,H01,H0107,H010701,H01070110,H0107011026,ST01,83,C031
9254126,P0129,S0048,2018-08-03,0.0,0.0,11.0,,PR14,,PR03,,,,22.2,22.2,44.4,cluster_0,H01,H0107,H010701,H01070110,H0107011026,ST01,83,C031
9273879,P0129,S0048,2018-08-04,3.0,58.22,8.0,,PR14,,PR03,,,,22.2,22.2,44.4,cluster_0,H01,H0107,H010701,H01070110,H0107011026,ST01,83,C031
9293668,P0129,S0048,2018-08-05,0.0,0.0,8.0,,PR14,,PR03,,,,22.2,22.2,44.4,cluster_0,H01,H0107,H010701,H01070110,H0107011026,ST01,83,C031
9313390,P0129,S0048,2018-08-06,0.0,0.0,8.0,,PR14,,PR03,,,,22.2,22.2,44.4,cluster_0,H01,H0107,H010701,H01070110,H0107011026,ST01,83,C031
9333054,P0129,S0048,2018-08-07,1.0,19.41,7.0,,PR14,,PR03,,,,22.2,22.2,44.4,cluster_0,H01,H0107,H010701,H01070110,H0107011026,ST01,83,C031
9352696,P0129,S0048,2018-08-08,2.0,43.9,7.0,,PR14,,PR03,,,,22.2,22.2,44.4,cluster_0,H01,H0107,H010701,H01070110,H0107011026,ST01,83,C031
9372304,P0129,S0048,2018-08-09,0.0,0.0,5.0,,PR14,,PR03,,,,22.2,22.2,44.4,cluster_0,H01,H0107,H010701,H01070110,H0107011026,ST01,83,C031
9391921,P0129,S0048,2018-08-10,1.0,25.34,4.0,,PR14,,PR03,,,,22.2,22.2,44.4,cluster_0,H01,H0107,H010701,H01070110,H0107011026,ST01,83,C031
9411534,P0129,S0048,2018-08-11,0.0,0.0,10.0,,PR14,,PR03,,,,22.2,22.2,44.4,cluster_0,H01,H0107,H010701,H01070110,H0107011026,ST01,83,C031
9431186,P0129,S0048,2018-08-12,0.0,0.0,10.0,,PR14,,PR03,,,,22.2,22.2,44.4,cluster_0,H01,H0107,H010701,H01070110,H0107011026,ST01,83,C031
9450762,P0129,S0048,2018-08-13,0.0,0.0,10.0,,PR14,,PR03,,,,22.2,22.2,44.4,cluster_0,H01,H0107,H010701,H01070110,H0107011026,ST01,83,C031
9470272,P0129,S0048,2018-08-14,0.0,0.0,16.0,,PR14,,PR03,,,,22.2,22.2,44.4,cluster_0,H01,H0107,H010701,H01070110,H0107011026,ST01,83,C031
9489763,P0129,S0048,2018-08-15,3.0,76.02,13.0,,PR14,,PR03,,,,22.2,22.2,44.4,cluster_0,H01,H0107,H010701,H01070110,H0107011026,ST01,83,C031
9509306,P0129,S0048,2018-08-16,0.0,0.0,13.0,,PR14,,PR03,,,,22.2,22.2,44.4,cluster_0,H01,H0107,H010701,H01070110,H0107011026,ST01,83,C031
9528866,P0129,S0048,2018-08-17,0.0,0.0,13.0,,PR14,,PR03,,,,22.2,22.2,44.4,cluster_0,H01,H0107,H010701,H01070110,H0107011026,ST01,83,C031
9548417,P0129,S0048,2018-08-18,0.0,0.0,13.0,,PR14,,PR03,,,,22.2,22.2,44.4,cluster_0,H01,H0107,H010701,H01070110,H0107011026,ST01,83,C031
9567985,P0129,S0048,2018-08-19,0.0,0.0,13.0,,PR14,,PR03,,,,22.2,22.2,44.4,cluster_0,H01,H0107,H010701,H01070110,H0107011026,ST01,83,C031
9587512,P0129,S0048,2018-08-20,0.0,0.0,13.0,,PR14,,PR03,,,,22.2,22.2,44.4,cluster_0,H01,H0107,H010701,H01070110,H0107011026,ST01,83,C031
9606999,P0129,S0048,2018-08-21,0.0,0.0,13.0,,PR14,,PR03,,,,22.2,22.2,44.4,cluster_0,H01,H0107,H010701,H01070110,H0107011026,ST01,83,C031
9626385,P0129,S0048,2018-08-22,0.0,0.0,13.0,,PR14,,PR03,,,,22.2,22.2,44.4,cluster_0,H01,H0107,H010701,H01070110,H0107011026,ST01,83,C031
9645755,P0129,S0048,2018-08-23,0.0,0.0,16.0,,PR14,,PR03,,,,22.2,22.2,44.4,cluster_0,H01,H0107,H010701,H01070110,H0107011026,ST01,83,C031
9665109,P0129,S0048,2018-08-24,0.0,0.0,16.0,,PR14,,PR03,,,,22.2,22.2,44.4,cluster_0,H01,H0107,H010701,H01070110,H0107011026,ST01,83,C031
9684426,P0129,S0048,2018-08-25,0.0,0.0,16.0,,PR14,,PR03,,,,22.2,22.2,44.4,cluster_0,H01,H0107,H010701,H01070110,H0107011026,ST01,83,C031
9703734,P0129,S0048,2018-08-26,0.0,0.0,16.0,,PR14,,PR03,,,,22.2,22.2,44.4,cluster_0,H01,H0107,H010701,H01070110,H0107011026,ST01,83,C031
9722974,P0129,S0048,2018-08-27,0.0,0.0,16.0,,PR14,,PR03,,,,22.2,22.2,44.4,cluster_0,H01,H0107,H010701,H01070110,H0107011026,ST01,83,C031
9742097,P0129,S0048,2018-08-28,1.0,25.34,15.0,,PR14,,PR03,,,,22.2,22.2,44.4,cluster_0,H01,H0107,H010701,H01070110,H0107011026,ST01,83,C031
9761146,P0129,S0048,2018-08-29,3.0,76.02,15.0,,PR14,,PR03,,,,22.2,22.2,44.4,cluster_0,H01,H0107,H010701,H01070110,H0107011026,ST01,83,C031
9780171,P0129,S0048,2018-08-30,1.0,25.34,11.0,,PR14,,PR03,,,,22.2,22.2,44.4,cluster_0,H01,H0107,H010701,H01070110,H0107011026,ST01,83,C031
9799302,P0129,S0048,2018-08-31,0.0,0.0,11.0,,PR14,,PR03,,,,22.2,22.2,44.4,cluster_0,H01,H0107,H010701,H01070110,H0107011026,ST01,83,C031
9818456,P0129,S0048,2018-09-01,0.0,0.0,11.0,29.9,PR14,,PR03,,,,22.2,22.2,44.4,cluster_0,H01,H0107,H010701,H01070110,H0107011026,ST01,83,C031
9837643,P0129,S0048,2018-09-02,1.0,25.34,10.0,29.9,PR14,,PR03,,,,22.2,22.2,44.4,cluster_0,H01,H0107,H010701,H01070110,H0107011026,ST01,83,C031
9856845,P0129,S0048,2018-09-03,0.0,0.0,10.0,29.9,PR14,,PR03,,,,22.2,22.2,44.4,cluster_0,H01,H0107,H010701,H01070110,H0107011026,ST01,83,C031
9876085,P0129,S0048,2018-09-04,0.0,0.0,16.0,29.9,PR14,,PR03,,,,22.2,22.2,44.4,cluster_0,H01,H0107,H010701,H01070110,H0107011026,ST01,83,C031
9895404,P0129,S0048,2018-09-05,0.0,0.0,16.0,27.9,PR14,,PR03,,,,22.2,22.2,44.4,cluster_0,H01,H0107,H010701,H01070110,H0107011026,ST01,83,C031
9914756,P0129,S0048,2018-09-06,0.0,0.0,16.0,27.9,PR14,,PR03,,,,22.2,22.2,44.4,cluster_0,H01,H0107,H010701,H01070110,H0107011026,ST01,83,C031
9934148,P0129,S0048,2018-09-07,0.0,0.0,16.0,27.9,PR14,,PR03,,,,22.2,22.2,44.4,cluster_0,H01,H0107,H010701,H01070110,H0107011026,ST01,83,C031
9953592,P0129,S0048,2018-09-08,2.0,50.68,14.0,29.9,PR14,,PR03,,,,22.2,22.2,44.4,cluster_0,H01,H0107,H010701,H01070110,H0107011026,ST01,83,C031
9973173,P0129,S0048,2018-09-09,1.0,25.34,13.0,29.9,PR14,,PR03,,,,22.2,22.2,44.4,cluster_0,H01,H0107,H010701,H01070110,H0107011026,ST01,83,C031
9992686,P0129,S0048,2018-09-10,0.0,0.0,13.0,29.9,PR14,,PR03,,,,22.2,22.2,44.4,cluster_0,H01,H0107,H010701,H01070110,H0107011026,ST01,83,C031
10012192,P0129,S0048,2018-09-11,1.0,25.34,12.0,29.9,PR14,,PR03,,,,22.2,22.2,44.4,cluster_0,H01,H0107,H010701,H01070110,H0107011026,ST01,83,C031
10031722,P0129,S0048,2018-09-12,0.0,0.0,12.0,29.9,PR14,,PR03,,,,22.2,22.2,44.4,cluster_0,H01,H0107,H010701,H01070110,H0107011026,ST01,83,C031
10051352,P0129,S0048,2018-09-13,0.0,0.0,12.0,29.9,PR14,,PR03,,,,22.2,22.2,44.4,cluster_0,H01,H0107,H010701,H01070110,H0107011026,ST01,83,C031
10070970,P0129,S0048,2018-09-14,1.0,31.78,11.0,37.5,PR14,,PR03,,,,22.2,22.2,44.4,cluster_0,H01,H0107,H010701,H01070110,H0107011026,ST01,83,C031
10090625,P0129,S0048,2018-09-15,0.0,0.0,11.0,37.5,PR14,,PR03,,,,22.2,22.2,44.4,cluster_0,H01,H0107,H010701,H01070110,H0107011026,ST01,83,C031
10110383,P0129,S0048,2018-09-16,0.0,0.0,11.0,37.5,PR14,,PR03,,,,22.2,22.2,44.4,cluster_0,H01,H0107,H010701,H01070110,H0107011026,ST01,83,C031
10130041,P0129,S0048,2018-09-17,0.0,0.0,11.0,37.5,PR14,,PR03,,,,22.2,22.2,44.4,cluster_0,H01,H0107,H010701,H01070110,H0107011026,ST01,83,C031
10149518,P0129,S0048,2018-09-18,0.0,0.0,11.0,37.5,PR14,,PR03,,,,22.2,22.2,44.4,cluster_0,H01,H0107,H010701,H01070110,H0107011026,ST01,83,C031
10169029,P0129,S0048,2018-09-19,1.0,29.58,10.0,34.9,PR14,,PR03,,,,22.2,22.2,44.4,cluster_0,H01,H0107,H010701,H01070110,H0107011026,ST01,83,C031
10188513,P0129,S0048,2018-09-20,2.0,59.15,8.0,34.9,PR14,,PR03,,,,22.2,22.2,44.4,cluster_0,H01,H0107,H010701,H01070110,H0107011026,ST01,83,C031
10208058,P0129,S0048,2018-09-21,0.0,0.0,8.0,34.9,PR14,,PR03,,,,22.2,22.2,44.4,cluster_0,H01,H0107,H010701,H01070110,H0107011026,ST01,83,C031
10227650,P0129,S0048,2018-09-22,0.0,0.0,8.0,34.9,PR14,,PR03,,,,22.2,22.2,44.4,cluster_0,H01,H0107,H010701,H01070110,H0107011026,ST01,83,C031
10247249,P0129,S0048,2018-09-23,0.0,0.0,8.0,34.9,PR14,,PR03,,,,22.2,22.2,44.4,cluster_0,H01,H0107,H010701,H01070110,H0107011026,ST01,83,C031
10266758,P0129,S0048,2018-09-24,0.0,0.0,8.0,34.9,PR14,,PR03,,,,22.2,22.2,44.4,cluster_0,H01,H0107,H010701,H01070110,H0107011026,ST01,83,C031
10286154,P0129,S0048,2018-09-25,1.0,29.58,7.0,34.9,PR14,,PR03,,,,22.2,22.2,44.4,cluster_0,H01,H0107,H010701,H01070110,H0107011026,ST01,83,C031
10305516,P0129,S0048,2018-09-26,0.0,0.0,7.0,34.9,PR14,,PR03,,,,22.2,22.2,44.4,cluster_0,H01,H0107,H010701,H01070110,H0107011026,ST01,83,C031
10324869,P0129,S0048,2018-09-27,0.0,0.0,13.0,34.9,PR14,,PR03,,,,22.2,22.2,44.4,cluster_0,H01,H0107,H010701,H01070110,H0107011026,ST01,83,C031
10344195,P0129,S0048,2018-09-28,1.0,29.58,12.0,34.9,PR14,,PR03,,,,22.2,22.2,44.4,cluster_0,H01,H0107,H010701,H01070110,H0107011026,ST01,83,C031
10363510,P0129,S0048,2018-09-29,0.0,0.0,12.0,31.9,PR14,,PR03,,,,22.2,22.2,44.4,cluster_0,H01,H0107,H010701,H01070110,H0107011026,ST01,83,C031
10382930,P0129,S0048,2018-09-30,0.0,0.0,12.0,31.9,PR14,,PR03,,,,22.2,22.2,44.4,cluster_0,H01,H0107,H010701,H01070110,H0107011026,ST01,83,C031
10402290,P0129,S0048,2018-10-01,0.0,0.0,12.0,31.9,PR14,,PR03,,,,22.2,22.2,44.4,cluster_0,H01,H0107,H010701,H01070110,H0107011026,ST01,83,C031
10421521,P0129,S0048,2018-10-02,1.0,27.03,11.0,31.9,PR14,,PR03,,,,22.2,22.2,44.4,cluster_0,H01,H0107,H010701,H01070110,H0107011026,ST01,83,C031
10440918,P0129,S0048,2018-10-03,0.0,0.0,11.0,31.9,PR14,,PR03,,,,22.2,22.2,44.4,cluster_0,H01,H0107,H010701,H01070110,H0107011026,ST01,83,C031
10460291,P0129,S0048,2018-10-04,0.0,0.0,11.0,31.9,PR14,,PR03,,,,22.2,22.2,44.4,cluster_0,H01,H0107,H010701,H01070110,H0107011026,ST01,83,C031
10557462,P0129,S0048,2018-10-09,0.0,0.0,11.0,31.9,PR14,,PR03,,,,22.2,22.2,44.4,cluster_0,H01,H0107,H010701,H01070110,H0107011026,ST01,83,C031
10576845,P0129,S0048,2018-10-10,1.0,25.34,10.0,29.9,PR14,,PR03,,,,22.2,22.2,44.4,cluster_0,H01,H0107,H010701,H01070110,H0107011026,ST01,83,C031
10596280,P0129,S0048,2018-10-11,0.0,0.0,10.0,29.9,PR14,,PR03,,,,22.2,22.2,44.4,cluster_0,H01,H0107,H010701,H01070110,H0107011026,ST01,83,C031
10615721,P0129,S0048,2018-10-12,1.0,25.34,9.0,29.9,PR14,,PR03,,,,22.2,22.2,44.4,cluster_0,H01,H0107,H010701,H01070110,H0107011026,ST01,83,C031
10635176,P0129,S0048,2018-10-13,0.0,0.0,9.0,29.9,PR14,,PR03,,,,22.2,22.2,44.4,cluster_0,H01,H0107,H010701,H01070110,H0107011026,ST01,83,C031
10654659,P0129,S0048,2018-10-14,1.0,25.34,8.0,29.9,PR14,,PR03,,,,22.2,22.2,44.4,cluster_0,H01,H0107,H010701,H01070110,H0107011026,ST01,83,C031
10674022,P0129,S0048,2018-10-15,0.0,0.0,8.0,29.9,PR14,,PR03,,,,22.2,22.2,44.4,cluster_0,H01,H0107,H010701,H01070110,H0107011026,ST01,83,C031
10693303,P0129,S0048,2018-10-16,0.0,0.0,11.0,29.9,PR14,,PR03,,,,22.2,22.2,44.4,cluster_0,H01,H0107,H010701,H01070110,H0107011026,ST01,83,C031
10712497,P0129,S0048,2018-10-17,0.0,0.0,11.0,29.9,PR14,,PR03,,,,22.2,22.2,44.4,cluster_0,H01,H0107,H010701,H01070110,H0107011026,ST01,83,C031
