sale_11.csv
Unnamed: 0,product_id,store_id,date,sales,revenue,stock,price,promo_type_1,promo_bin_1,promo_type_2,promo_bin_2,promo_discount_2,promo_discount_type_2,product_length,product_depth,product_width,cluster_id,hierarchy1_id,hierarchy2_id,hierarchy3_id,hierarchy4_id,hierarchy5_id,storetype_id,store_size,city_id
10731650,P0129,S0048,2018-10-18,0.0,0.0,11.0,29.9,PR14,,PR03,,,,22.2,22.2,44.4,cluster_0,H01,H0107,H010701,H01070110,H0107011026,ST01,83,C031
10750782,P0129,S0048,2018-10-19,0.0,0.0,11.0,29.9,PR14,,PR03,,,,22.2,22.2,44.4,cluster_0,H01,H0107,H010701,H01070110,H0107011026,ST01,83,C031
10769892,P0129,S0048,2018-10-20,0.0,0.0,11.0,29.9,PR14,,PR03,,,,22.2,22.2,44.4,cluster_0,H01,H0107,H010701,H01070110,H0107011026,ST01,83,C031
10789030,P0129,S0048,2018-10-21,0.0,0.0,11.0,29.9,PR14,,PR03,,,,22.2,22.2,44.4,cluster_0,H01,H0107,H010701,H01070110,H0107011026,ST01,83,C031
10808119,P0129,S0048,2018-10-22,0.0,0.0,11.0,29.9,PR14,,PR03,,,,22.2,22.2,44.4,cluster_0,H01,H0107,H010701,H01070110,H0107011026,ST01,83,C031
10827181,P0129,S0048,2018-10-23,0.0,0.0,11.0,29.9,PR14,,PR03,,,,22.2,22.2,44.4,cluster_0,H01,H0107,H010701,H01070110,H0107011026,ST01,83,C031
10846223,P0129,S0048,2018-10-24,0.0,0.0,11.0,29.9,PR14,,PR03,,,,22.2,22.2,44.4,cluster_0,H01,H0107,H010701,H01070110,H0107011026,ST01,83,C031
10865246,P0129,S0048,2018-10-25,0.0,0.0,11.0,29.9,PR14,,PR03,,,,22.2,22.2,44.4,cluster_0,H01,H0107,H010701,H01070110,H0107011026,ST01,83,C031
10884276,P0129,S0048,2018-10-26,1.0,25.34,10.0,29.9,PR14,,PR03,,,,22.2,22.2,44.4,cluster_0,H01,H0107,H010701,H01070110,H0107011026,ST01,83,C031
10903311,P0129,S0048,2018-10-27,0.0,0.0,10.0,29.9,PR14,,PR03,,,,22.2,22.2,44.4,cluster_0,H01,H0107,H010701,H01070110,H0107011026,ST01,83,C031
10922424,P0129,S0048,2018-10-28,0.0,0.0,10.0,29.9,PR14,,PR03,,,,22.2,22.2,44.4,cluster_0,H01,H0107,H010701,H01070110,H0107011026,ST01,83,C031
10941458,P0129,S0048,2018-10-29,0.0,0.0,10.0,29.9,PR14,,PR03,,,,22.2,22.2,44.4,cluster_0,H01,H0107,H010701,H01070110,H0107011026,ST01,83,C031
10960465,P0129,S0048,2018-10-30,1.0,25.34,9.0,29.9,PR14,,PR03,,,,22.2,22.2,44.4,cluster_0,H01,H0107,H010701,H01070110,H0107011026,ST01,83,C031
10979488,P0129,S0048,2018-10-31,0.0,0.0,9.0,29.9,PR14,,PR03,,,,22.2,22.2,44.4,cluster_0,H01,H0107,H010701,H01070110,H0107011026,ST01,83,C031
10998413,P0129,S0048,2018-11-01,0.0,0.0,9.0,29.9,PR14,,PR03,,,,22.2,22.2,44.4,cluster_0,H01,H0107,H010701,H01070110,H0107011026,ST01,83,C031
11017189,P0129,S0048,2018-11-02,0.0,0.0,9.0,29.9,PR14,,PR03,,,,22.2,22.2,44.4,cluster_0,H01,H0107,H010701,H01070110,H0107011026,ST01,83,C031
11035976,P0129,S0048,2018-11-03,0.0,0.0,9.0,29.9,PR14,,PR03,,,,22.2,22.2,44.4,cluster_0,H01,H0107,H010701,H01070110,H0107011026,ST01,83,C031
11054839,P0129,S0048,2018-11-04,0.0,0.0,9.0,29.9,PR14,,PR03,,,,22.2,22.2,44.4,cluster_0,H01,H0107,H010701,H01070110,H0107011026,ST01,83,C031
11073661,P0129,S0048,2018-11-05,0.0,0.0,9.0,29.9,PR14,,PR03,,,,22.2,22.2,44.4,cluster_0,H01,H0107,H010701,H01070110,H0107011026,ST01,83,C031
11092468,P0129,S0048,2018-11-06,0.0,0.0,9.0,29.9,PR14,,PR03,,,,22.2,22.2,44.4,cluster_0,H01,H0107,H010701,H01070110,H0107011026,ST01,83,C031
11111273,P0129,S0048,2018-11-07,0.0,0.0,9.0,29.9,PR14,,PR03,,,,22.2,22.2,44.4,cluster_0,H01,H0107,H010701,H01070110,H0107011026,ST01,83,C031
11130132,P0129,S0048,2018-11-08,2.0,50.68,7.0,29.9,PR14,,PR03,,,,22.2,22.2,44.4,cluster_0,H01,H0107,H010701,H01070110,H0107011026,ST01,83,C031
11149041,P0129,S0048,2018-11-09,0.0,0.0,7.0,29.9,PR14,,PR03,,,,22.2,22.2,44.4,cluster_0,H01,H0107,H010701,H01070110,H0107011026,ST01,83,C031
11167993,P0129,S0048,2018-11-10,0.0,0.0,7.0,34.9,PR14,,PR03,,,,22.2,22.2,44.4,cluster_0,H01,H0107,H010701,H01070110,H0107011026,ST01,83,C031
11186996,P0129,S0048,2018-11-11,1.0,29.58,6.0,34.9,PR14,,PR03,,,,22.2,22.2,44.4,cluster_0,H01,H0107,H010701,H01070110,H0107011026,ST01,83,C031
11205990,P0129,S0048,2018-11-12,0.0,0.0,6.0,34.9,PR14,,PR03,,,,22.2,22.2,44.4,cluster_0,H01,H0107,H010701,H01070110,H0107011026,ST01,83,C031
11224968,P0129,S0048,2018-11-13,1.0,29.58,5.0,34.9,PR14,,PR03,,,,22.2,22.2,44.4,cluster_0,H01,H0107,H010701,H01070110,H0107011026,ST01,83,C031
11243998,P0129,S0048,2018-11-14,1.0,29.58,4.0,34.9,PR14,,PR03,,,,22.2,22.2,44.4,cluster_0,H01,H0107,H010701,H01070110,H0107011026,ST01,83,C031
11263137,P0129,S0048,2018-11-15,0.0,0.0,10.0,34.9,PR14,,PR03,,,,22.2,22.2,44.4,cluster_0,H01,H0107,H010701,H01070110,H0107011026,ST01,83,C031
11282313,P0129,S0048,2018-11-16,0.0,0.0,10.0,34.9,PR14,,PR03,,,,22.2,22.2,44.4,cluster_0,H01,H0107,H010701,H01070110,H0107011026,ST01,83,C031
11301517,P0129,S0048,2018-11-17,0.0,0.0,10.0,34.9,PR14,,PR03,,,,22.2,22.2,44.4,cluster_0,H01,H0107,H010701,H01070110,H0107011026,ST01,83,C031
11320787,P0129,S0048,2018-11-18,0.0,0.0,10.0,34.9,PR14,,PR03,,,,22.2,22.2,44.4,cluster_0,H01,H0107,H010701,H01070110,H0107011026,ST01,83,C031
11340010,P0129,S0048,2018-11-19,0.0,0.0,10.0,34.9,PR14,,PR03,,,,22.2,22.2,44.4,cluster_0,H01,H0107,H010701,H01070110,H0107011026,ST01,83,C031
11359185,P0129,S0048,2018-11-20,0.0,0.0,10.0,34.9,PR14,,PR03,,,,22.2,22.2,44.4,cluster_0,H01,H0107,H010701,H01070110,H0107011026,ST01,83,C031
11378362,P0129,S0048,2018-11-21,0.0,0.0,10.0,34.9,PR14,,PR03,,,,22.2,22.2,44.4,cluster_0,H01,H0107,H010701,H01070110,H0107011026,ST01,83,C031
11397584,P0129,S0048,2018-11-22,0.0,0.0,10.0,34.9,PR14,,PR03,,,,22.2,22.2,44.4,cluster_0,H01,H0107,H010701,H01070110,H0107011026,ST01,83,C031
11416834,P0129,S0048,2018-11-23,0.0,0.0,10.0,34.9,PR14,,PR03,,,,22.2,22.2,44.4,cluster_0,H01,H0107,H010701,H01070110,H0107011026,ST01,83,C031
11436097,P0129,S0048,2018-11-24,0.0,0.0,10.0,34.9,PR14,,PR03,,,,22.2,22.2,44.4,cluster_0,H01,H0107,H010701,H01070110,H0107011026,ST01,83,C031
11455356,P0129,S0048,2018-11-25,0.0,0.0,10.0,34.9,PR14,,PR03,,,,22.2,22.2,44.4,cluster_0,H01,H0107,H010701,H01070110,H0107011026,ST01,83,C031
11474537,P0129,S0048,2018-11-26,0.0,0.0,10.0,34.9,PR14,,PR03,,,,22.2,22.2,44.4,cluster_0,H01,H0107,H010701,H01070110,H0107011026,ST01,83,C031
11493569,P0129,S0048,2018-11-27,0.0,0.0,10.0,34.9,PR14,,PR03,,,,22.2,22.2,44.4,cluster_0,H01,H0107,H010701,H01070110,H0107011026,ST01,83,C031
11512555,P0129,S0048,2018-11-28,0.0,0.0,10.0,34.9,PR14,,PR03,,,,22.2,22.2,44.4,cluster_0,H01,H0107,H010701,H01070110,H0107011026,ST01,83,C031
11531530,P0129,S0048,2018-11-29,0.0,0.0,10.0,34.9,PR14,,PR03,,,,22.2,22.2,44.4,cluster_0,H01,H0107,H010701,H01070110,H0107011026,ST01,83,C031
11550478,P0129,S0048,2018-11-30,1.0,29.58,9.0,34.9,PR14,,PR03,,,,22.2,22.2,44.4,cluster_0,H01,H0107,H010701,H01070110,H0107011026,ST01,83,C031
11569501,P0129,S0048,2018-12-01,0.0,0.0,9.0,34.9,PR14,,PR03,,,,22.2,22.2,44.4,cluster_0,H01,H0107,H010701,H01070110,H0107011026,ST01,83,C031
11588613,P0129,S0048,2018-12-02,0.0,0.0,9.0,34.9,PR14,,PR03,,,,22.2,22.2,44.4,cluster_0,H01,H0107,H010701,H01070110,H0107011026,ST01,83,C031
11607759,P0129,S0048,2018-12-03,0.0,0.0,9.0,34.9,PR14,,PR03,,,,22.2,22.2,44.4,cluster_0,H01,H0107,H010701,H01070110,H0107011026,ST01,83,C031
11626896,P0129,S0048,2018-12-04,0.0,0.0,9.0,34.9,PR14,,PR03,,,,22.2,22.2,44.4,cluster_0,H01,H0107,H010701,H01070110,H0107011026,ST01,83,C031
11646069,P0129,S0048,2018-12-05,1.0,25.34,8.0,34.9,PR14,,PR03,,,,22.2,22.2,44.4,cluster_0,H01,H0107,H010701,H01070110,H0107011026,ST01,83,C031
11665331,P0129,S0048,2018-12-06,0.0,0.0,8.0,34.9,PR14,,PR03,,,,22.2,22.2,44.4,cluster_0,H01,H0107,H010701,H01070110,H0107011026,ST01,83,C031
11684661,P0129,S0048,2018-12-07,0.0,0.0,8.0,34.9,PR14,,PR03,,,,22.2,22.2,44.4,cluster_0,H01,H0107,H010701,H01070110,H0107011026,ST01,83,C031
11704011,P0129,S0048,2018-12-08,2.0,50.68,8.0,34.9,PR14,,PR03,,,,22.2,22.2,44.4,cluster_0,H01,H0107,H010701,H01070110,H0107011026,ST01,83,C031
11723459,P0129,S0048,2018-12-09,2.0,50.68,4.0,34.9,PR14,,PR03,,,,22.2,22.2,44.4,cluster_0,H01,H0107,H010701,H01070110,H0107011026,ST01,83,C031
11742844,P0129,S0048,2018-12-10,0.0,0.0,4.0,34.9,PR14,,PR03,,,,22.2,22.2,44.4,cluster_0,H01,H0107,H010701,H01070110,H0107011026,ST01,83,C031
11762177,P0129,S0048,2018-12-11,0.0,0.0,4.0,34.9,PR14,,PR03,,,,22.2,22.2,44.4,cluster_0,H01,H0107,H010701,H01070110,H0107011026,ST01,83,C031
11781493,P0129,S0048,2018-12-12,1.0,25.34,3.0,34.9,PR14,,PR03,,,,22.2,22.2,44.4,cluster_0,H01,H0107,H010701,H01070110,H0107011026,ST01,83,C031
11800770,P0129,S0048,2018-12-13,0.0,0.0,3.0,34.9,PR14,,PR03,,,,22.2,22.2,44.4,cluster_0,H01,H0107,H010701,H01070110,H0107011026,ST01,83,C031
11820039,P0129,S0048,2018-12-14,0.0,0.0,3.0,34.9,PR14,,PR03,,,,22.2,22.2,44.4,cluster_0,H01,H0107,H010701,H01070110,H0107011026,ST01,83,C031
11839345,P0129,S0048,2018-12-15,0.0,0.0,3.0,34.9,PR14,,PR03,,,,22.2,22.2,44.4,cluster_0,H01,H0107,H010701,H01070110,H0107011026,ST01,83,C031
11858701,P0129,S0048,2018-12-16,0.0,0.0,3.0,34.9,PR14,,PR03,,,,22.2,22.2,44.4,cluster_0,H01,H0107,H010701,H01070110,H0107011026,ST01,83,C031
11878010,P0129,S0048,2018-12-17,0.0,0.0,3.0,34.9,PR14,,PR03,,,,22.2,22.2,44.4,cluster_0,H01,H0107,H010701,H01070110,H0107011026,ST01,83,C031
11897302,P0129,S0048,2018-12-18,0.0,0.0,3.0,34.9,PR14,,PR03,,,,22.2,22.2,44.4,cluster_0,H01,H0107,H010701,H01070110,H0107011026,ST01,83,C031
11916594,P0129,S0048,2018-12-19,0.0,0.0,3.0,34.9,PR14,,PR03,,,,22.2,22.2,44.4,cluster_0,H01,H0107,H010701,H01070110,H0107011026,ST01,83,C031
11935909,P0129,S0048,2018-12-20,0.0,0.0,3.0,34.9,PR14,,PR03,,,,22.2,22.2,44.4,cluster_0,H01,H0107,H010701,H01070110,H0107011026,ST01,83,C031
11955238,P0129,S0048,2018-12-21,0.0,0.0,3.0,34.9,PR14,,PR03,,,,22.2,22.2,44.4,cluster_0,H01,H0107,H010701,H01070110,H0107011026,ST01,83,C031
11974568,P0129,S0048,2018-12-22,0.0,0.0,3.0,34.9,PR14,,PR03,,,,22.2,22.2,44.4,cluster_0,H01,H0107,H010701,H01070110,H0107011026,ST01,83,C031
11993985,P0129,S0048,2018-12-23,0.0,0.0,3.0,34.9,PR14,,PR03,,,,22.2,22.2,44.4,cluster_0,H01,H0107,H010701,H01070110,H0107011026,ST01,83,C031
12013278,P0129,S0048,2018-12-24,0.0,0.0,6.0,34.9,PR14,,PR03,,,,22.2,22.2,44.4,cluster_0,H01,H0107,H010701,H01070110,H0107011026,ST01,83,C031
12032506,P0129,S0048,2018-12-25,0.0,0.0,6.0,34.9,PR14,,PR03,,,,22.2,22.2,44.4,cluster_0,H01,H0107,H010701,H01070110,H0107011026,ST01,83,C031
12051729,P0129,S0048,2018-12-26,0.0,0.0,6.0,34.9,PR14,,PR03,,,,22.2,22.2,44.4,cluster_0,H01,H0107,H010701,H01070110,H0107011026,ST01,83,C031
12070946,P0129,S0048,2018-12-27,1.0,25.34,5.0,34.9,PR14,,PR03,,,,22.2,22.2,44.4,cluster_0,H01,H0107,H010701,H01070110,H0107011026,ST01,83,C031
12090029,P0129,S0048,2018-12-28,0.0,0.0,5.0,34.9,PR14,,PR03,,,,22.2,22.2,44.4,cluster_0,H01,H0107,H010701,H01070110,H0107011026,ST01,83,C031
12109133,P0129,S0048,2018-12-29,0.0,0.0,5.0,34.9,PR14,,PR03,,,,22.2,22.2,44.4,cluster_0,H01,H0107,H010701,H01070110,H0107011026,ST01,83,C031
12128388,P0129,S0048,2018-12-30,0.0,0.0,5.0,34.9,PR14,,PR03,,,,22.2,22.2,44.4,cluster_0,H01,H0107,H010701,H01070110,H0107011026,ST01,83,C031
12147620,P0129,S0048,2018-12-31,0.0,0.0,5.0,34.9,PR14,,PR03,,,,22.2,22.2,44.4,cluster_0,H01,H0107,H010701,H01070110,H0107011026,ST01,83,C031
12166789,P0129,S0048,2019-01-01,1.0,25.34,5.0,34.9,PR14,,PR03,,,,22.2,22.2,44.4,cluster_0,H01,H0107,H010701,H01070110,H0107011026,ST01,83,C031
12185856,P0129,S0048,2019-01-02,0.0,0.0,4.0,34.9,PR14,,PR03,,,,22.2,22.2,44.4,cluster_0,H01,H0107,H010701,H01070110,H0107011026,ST01,83,C031
12204906,P0129,S0048,2019-01-03,0.0,0.0,4.0,34.9,PR14,,PR03,,,,22.2,22.2,44.4,cluster_0,H01,H0107,H010701,H01070110,H0107011026,ST01,83,C031
12224024,P0129,S0048,2019-01-04,0.0,0.0,4.0,34.9,PR14,,PR03,,,,22.2,22.2,44.4,cluster_0,H01,H0107,H010701,H01070110,H0107011026,ST01,83,C031
12243246,P0129,S0048,2019-01-05,0.0,0.0,4.0,34.9,PR14,,PR03,,,,22.2,22.2,44.4,cluster_0,H01,H0107,H010701,H01070110,H0107011026,ST01,83,C031
12262538,P0129,S0048,2019-01-06,0.0,0.0,4.0,34.9,PR14,,PR03,,,,22.2,22.2,44.4,cluster_0,H01,H0107,H010701,H01070110,H0107011026,ST01,83,C031
12281782,P0129,S0048,2019-01-07,1.0,25.34,3.0,34.9,PR14,,PR03,,,,22.2,22.2,44.4,cluster_0,H01,H0107,H010701,H01070110,H0107011026,ST01,83,C031
12301024,P0129,S0048,2019-01-08,0.0,0.0,9.0,34.9,PR14,,PR03,,,,22.2,22.2,44.4,cluster_0,H01,H0107,H010701,H01070110,H0107011026,ST01,83,C031
12320315,P0129,S0048,2019-01-09,0.0,0.0,9.0,34.9,PR14,,PR03,,,,22.2,22.2,44.4,cluster_0,H01,H0107,H010701,H01070110,H0107011026,ST01,83,C031
12339658,P0129,S0048,2019-01-10,0.0,0.0,9.0,34.9,PR14,,PR03,,,,22.2,22.2,44.4,cluster_0,H01,H0107,H010701,H01070110,H0107011026,ST01,83,C031
12359033,P0129,S0048,2019-01-11,1.0,25.34,8.0,34.9,PR14,,PR03,,,,22.2,22.2,44.4,cluster_0,H01,H0107,H010701,H01070110,H0107011026,ST01,83,C031
12378412,P0129,S0048,2019-01-12,0.0,0.0,8.0,34.9,PR14,,PR03,,,,22.2,22.2,44.4,cluster_0,H01,H0107,H010701,H01070110,H0107011026,ST01,83,C031
12397838,P0129,S0048,2019-01-13,0.0,0.0,8.0,34.9,PR14,,PR03,,,,22.2,22.2,44.4,cluster_0,H01,H0107,H010701,H01070110,H0107011026,ST01,83,C031
12417227,P0129,S0048,2019-01-14,0.0,0.0,8.0,34.9,PR14,,PR03,,,,22.2,22.2,44.4,cluster_0,H01,H0107,H010701,H01070110,H0107011026,ST01,83,C031
12436590,P0129,S0048,2019-01-15,0.0,0.0,8.0,34.9,PR14,,PR03,,,,22.2,22.2,44.4,cluster_0,H01,H0107,H010701,H01070110,H0107011026,ST01,83,C031
12455963,P0129,S0048,2019-01-16,0.0,0.0,8.0,34.9,PR14,,PR03,,,,22.2,22.2,44.4,cluster_0,H01,H0107,H010701,H01070110,H0107011026,ST01,83,C031
12475308,P0129,S0048,2019-01-17,0.0,0.0,8.0,34.9,PR14,,PR03,,,,22.2,22.2,44.4,cluster_0,H01,H0107,H010701,H01070110,H0107011026,ST01,83,C031
12494660,P0129,S0048,2019-01-18,0.0,0.0,8.0,34.9,PR14,,PR03,,,,22.2,22.2,44.4,cluster_0,H01,H0107,H010701,H01070110,H0107011026,ST01,83,C031
12513987,P0129,S0048,2019-01-19,0.0,0.0,8.0,34.9,PR14,,PR03,,,,22.2,22.2,44.4,cluster_0,H01,H0107,H010701,H01070110,H0107011026,ST01,83,C031
12533349,P0129,S0048,2019-01-20,0.0,0.0,8.0,34.9,PR14,,PR03,,,,22.2,22.2,44.4,cluster_0,H01,H0107,H010701,H01070110,H0107011026,ST01,83,C031
12552653,P0129,S0048,2019-01-21,1.0,25.34,7.0,34.9,PR14,,PR03,,,,22.2,22.2,44.4,cluster_0,H01,H0107,H010701,H01070110,H0107011026,ST01,83,C031
12571939,P0129,S0048,2019-01-22,0.0,0.0,7.0,34.9,PR14,,PR03,,,,22.2,22.2,44.4,cluster_0,H01,H0107,H010701,H01070110,H0107011026,ST01,83,C031
12591235,P0129,S0048,2019-01-23,0.0,0.0,7.0,34.9,PR14,,PR03,,,,22.2,22.2,44.4,cluster_0,H01,H0107,H010701,H01070110,H0107011026,ST01,83,C031
12610499,P0129,S0048,2019-01-24,0.0,0.0,7.0,34.9,PR14,,PR03,,,,22.2,22.2,44.4,cluster_0,H01,H0107,H010701,H01070110,H0107011026,ST01,83,C031
12629834,P0129,S0048,2019-01-25,0.0,0.0,7.0,34.9,PR14,,PR03,,,,22.2,22.2,44.4,cluster_0,H01,H0107,H010701,H01070110,H0107011026,ST01,83,C031
12649170,P0129,S0048,2019-01-26,0.0,0.0,7.0,34.9,PR14,,PR03,,,,22.2,22.2,44.4,cluster_0,H01,H0107,H010701,H01070110,H0107011026,ST01,83,C031
12668570,P0129,S0048,2019-01-27,0.0,0.0,7.0,34.9,PR14,,PR03,,,,22.2,22.2,44.4,cluster_0,H01,H0107,H010701,H01070110,H0107011026,ST01,83,C031
12687915,P0129,S0048,2019-01-28,0.0,0.0,7.0,34.9,PR14,,PR03,,,,22.2,22.2,44.4,cluster_0,H01,H0107,H010701,H01070110,H0107011026,ST01,83,C031
12707083,P0129,S0048,2019-01-29,0.0,0.0,13.0,34.9,PR14,,PR03,,,,22.2,22.2,44.4,cluster_0,H01,H0107,H010701,H01070110,H0107011026,ST01,83,C031
12726230,P0129,S0048,2019-01-30,0.0,0.0,13.0,34.9,PR14,,PR03,,,,22.2,22.2,44.4,cluster_0,H01,H0107,H010701,H01070110,H0107011026,ST01,83,C031
12745409,P0129,S0048,2019-01-31,0.0,0.0,13.0,34.9,PR14,,PR03,,,,22.2,22.2,44.4,cluster_0,H01,H0107,H010701,H01070110,H0107011026,ST01,83,C031
12764564,P0129,S0048,2019-02-01,0.0,0.0,13.0,34.9,PR14,,PR03,,,,22.2,22.2,44.4,cluster_0,H01,H0107,H010701,H01070110,H0107011026,ST01,83,C031
12861362,P0129,S0048,2019-02-06,0.0,0.0,12.0,34.9,PR14,,PR03,,,,22.2,22.2,44.4,cluster_0,H01,H0107,H010701,H01070110,H0107011026,ST01,83,C031
12880773,P0129,S0048,2019-02-07,0.0,0.0,12.0,34.9,PR14,,PR03,,,,22.2,22.2,44.4,cluster_0,H01,H0107,H010701,H01070110,H0107011026,ST01,83,C031
12900176,P0129,S0048,2019-02-08,0.0,0.0,12.0,34.9,PR14,,PR03,,,,22.2,22.2,44.4,cluster_0,H01,H0107,H010701,H01070110,H0107011026,ST01,83,C031
12919583,P0129,S0048,2019-02-09,0.0,0.0,12.0,34.9,PR14,,PR03,,,,22.2,22.2,44.4,cluster_0,H01,H0107,H010701,H01070110,H0107011026,ST01,83,C031
12939021,P0129,S0048,2019-02-10,0.0,0.0,12.0,34.9,PR14,,PR03,,,,22.2,22.2,44.4,cluster_0,H01,H0107,H010701,H01070110,H0107011026,ST01,83,C031
12958396,P0129,S0048,2019-02-11,1.0,25.34,11.0,34.9,PR14,,PR03,,,,22.2,22.2,44.4,cluster_0,H01,H0107,H010701,H01070110,H0107011026,ST01,83,C031
12977737,P0129,S0048,2019-02-12,0.0,0.0,11.0,34.9,PR14,,PR03,,,,22.2,22.2,44.4,cluster_0,H01,H0107,H010701,H01070110,H0107011026,ST01,83,C031
12997100,P0129,S0048,2019-02-13,0.0,0.0,11.0,34.9,PR14,,PR03,,,,22.2,22.2,44.4,cluster_0,H01,H0107,H010701,H01070110,H0107011026,ST01,83,C031
13016445,P0129,S0048,2019-02-14,0.0,0.0,11.0,34.9,PR14,,PR03,,,,22.2,22.2,44.4,cluster_0,H01,H0107,H010701,H01070110,H0107011026,ST01,83,C031
13035808,P0129,S0048,2019-02-15,0.0,0.0,11.0,34.9,PR14,,PR03,,,,22.2,22.2,44.4,cluster_0,H01,H0107,H010701,H01070110,H0107011026,ST01,83,C031
13055228,P0129,S0048,2019-02-16,0.0,0.0,11.0,34.9,PR14,,PR03,,,,22.2,22.2,44.4,cluster_0,H01,H0107,H010701,H01070110,H0107011026,ST01,83,C031
13074719,P0129,S0048,2019-02-17,0.0,0.0,11.0,34.9,PR14,,PR03,,,,22.2,22.2,44.4,cluster_0,H01,H0107,H010701,H01070110,H0107011026,ST01,83,C031
13094202,P0129,S0048,2019-02-18,0.0,0.0,11.0,34.9,PR14,,PR03,,,,22.2,22.2,44.4,cluster_0,H01,H0107,H010701,H01070110,H0107011026,ST01,83,C031
13113629,P0129,S0048,2019-02-19,0.0,0.0,11.0,34.9,PR14,,PR03,,,,22.2,22.2,44.4,cluster_0,H01,H0107,H010701,H01070110,H0107011026,ST01,83,C031
13133043,P0129,S0048,2019-02-20,0.0,0.0,8.0,34.9,PR14,,PR03,,,,22.2,22.2,44.4,cluster_0,H01,H0107,H010701,H01070110,H0107011026,ST01,83,C031
13152418,P0129,S0048,2019-02-21,0.0,0.0,8.0,34.9,PR14,,PR03,,,,22.2,22.2,44.4,cluster_0,H01,H0107,H010701,H01070110,H0107011026,ST01,83,C031
13171852,P0129,S0048,2019-02-22,0.0,0.0,8.0,34.9,PR14,,PR03,,,,22.2,22.2,44.4,cluster_0,H01,H0107,H010701,H01070110,H0107011026,ST01,83,C031
