sale_11.csv
Unnamed: 0,product_id,store_id,date,sales,revenue,stock,price,promo_type_1,promo_bin_1,promo_type_2,promo_bin_2,promo_discount_2,promo_discount_type_2,product_length,product_depth,product_width,cluster_id,hierarchy1_id,hierarchy2_id,hierarchy3_id,hierarchy4_id,hierarchy5_id,storetype_id,store_size,city_id
15678926,P0129,S0048,2019-06-27,1.0,25.34,6.0,34.9,PR14,,PR03,,,,22.2,22.2,44.4,cluster_0,H01,H0107,H010701,H01070110,H0107011026,ST01,83,C031
15699398,P0129,S0048,2019-06-28,0.0,0.0,6.0,34.9,PR14,,PR03,,,,22.2,22.2,44.4,cluster_0,H01,H0107,H010701,H01070110,H0107011026,ST01,83,C031
15719855,P0129,S0048,2019-06-29,0.0,0.0,6.0,34.9,PR14,,PR03,,,,22.2,22.2,44.4,cluster_0,H01,H0107,H010701,H01070110,H0107011026,ST01,83,C031
15740486,P0129,S0048,2019-06-30,2.0,50.68,4.0,34.9,PR14,,PR03,,,,22.2,22.2,44.4,cluster_0,H01,H0107,H010701,H01070110,H0107011026,ST01,83,C031
15761062,P0129,S0048,2019-07-01,0.0,0.0,4.0,34.9,PR14,,PR03,,,,22.2,22.2,44.4,cluster_0,H01,H0107,H010701,H01070110,H0107011026,ST01,83,C031
15781683,P0129,S0048,2019-07-02,1.0,25.34,6.0,34.9,PR14,,PR03,,,,22.2,22.2,44.4,cluster_0,H01,H0107,H010701,H01070110,H0107011026,ST01,83,C031
15802387,P0129,S0048,2019-07-03,1.0,25.34,4.0,34.9,PR14,,PR03,,,,22.2,22.2,44.4,cluster_0,H01,H0107,H010701,H01070110,H0107011026,ST01,83,C031
15823076,P0129,S0048,2019-07-04,0.0,0.0,4.0,34.9,PR14,,PR03,,,,22.2,22.2,44.4,cluster_0,H01,H0107,H010701,H01070110,H0107011026,ST01,83,C031
15843811,P0129,S0048,2019-07-05,0.0,0.0,4.0,34.9,PR14,,PR03,,,,22.2,22.2,44.4,cluster_0,H01,H0107,H010701,H01070110,H0107011026,ST01,83,C031
15864624,P0129,S0048,2019-07-06,0.0,0.0,4.0,34.9,PR14,,PR03,,,,22.2,22.2,44.4,cluster_0,H01,H0107,H010701,H01070110,H0107011026,ST01,83,C031
15885347,P0129,S0048,2019-07-07,0.0,0.0,4.0,34.9,PR14,,PR03,,,,22.2,22.2,44.4,cluster_0,H01,H0107,H010701,H01070110,H0107011026,ST01,83,C031
15905934,P0129,S0048,2019-07-08,0.0,0.0,4.0,34.9,PR14,,PR03,,,,22.2,22.2,44.4,cluster_0,H01,H0107,H010701,H01070110,H0107011026,ST01,83,C031
15926527,P0129,S0048,2019-07-09,0.0,0.0,4.0,34.9,PR14,,PR03,,,,22.2,22.2,44.4,cluster_0,H01,H0107,H010701,H01070110,H0107011026,ST01,83,C031
15947138,P0129,S0048,2019-07-10,0.0,0.0,4.0,34.9,PR14,,PR03,,,,22.2,22.2,44.4,cluster_0,H01,H0107,H010701,H01070110,H0107011026,ST01,83,C031
15967746,P0129,S0048,2019-07-11,2.0,50.68,2.0,34.9,PR14,,PR03,,,,22.2,22.2,44.4,cluster_0,H01,H0107,H010701,H01070110,H0107011026,ST01,83,C031
15988364,P0129,S0048,2019-07-12,1.0,25.34,1.0,34.9,PR14,,PR03,,,,22.2,22.2,44.4,cluster_0,H01,H0107,H010701,H01070110,H0107011026,ST01,83,C031
16153086,P0129,S0048,2019-07-20,0.0,0.0,3.0,34.9,PR14,,PR03,,,,22.2,22.2,44.4,cluster_0,H01,H0107,H010701,H01070110,H0107011026,ST01,83,C031
16173710,P0129,S0048,2019-07-21,0.0,0.0,3.0,34.9,PR14,,PR03,,,,22.2,22.2,44.4,cluster_0,H01,H0107,H010701,H01070110,H0107011026,ST01,83,C031
16194169,P0129,S0048,2019-07-22,0.0,0.0,3.0,34.9,PR14,,PR03,,,,22.2,22.2,44.4,cluster_0,H01,H0107,H010701,H01070110,H0107011026,ST01,83,C031
16214588,P0129,S0048,2019-07-23,0.0,0.0,3.0,34.9,PR14,,PR03,,,,22.2,22.2,44.4,cluster_0,H01,H0107,H010701,H01070110,H0107011026,ST01,83,C031
16235009,P0129,S0048,2019-07-24,1.0,25.34,2.0,34.9,PR14,,PR03,,,,22.2,22.2,44.4,cluster_0,H01,H0107,H010701,H01070110,H0107011026,ST01,83,C031
16255438,P0129,S0048,2019-07-25,2.0,50.68,0.0,34.9,PR14,,PR03,,,,22.2,22.2,44.4,cluster_0,H01,H0107,H010701,H01070110,H0107011026,ST01,83,C031
16275884,P0129,S0048,2019-07-26,0.0,0.0,6.0,34.9,PR14,,PR03,,,,22.2,22.2,44.4,cluster_0,H01,H0107,H010701,H01070110,H0107011026,ST01,83,C031
16296317,P0129,S0048,2019-07-27,0.0,0.0,6.0,34.9,PR14,,PR03,,,,22.2,22.2,44.4,cluster_0,H01,H0107,H010701,H01070110,H0107011026,ST01,83,C031
16316868,P0129,S0048,2019-07-28,0.0,0.0,6.0,34.9,PR14,,PR03,,,,22.2,22.2,44.4,cluster_0,H01,H0107,H010701,H01070110,H0107011026,ST01,83,C031
16337235,P0129,S0048,2019-07-29,1.0,25.34,8.0,34.9,PR14,,PR03,,,,22.2,22.2,44.4,cluster_0,H01,H0107,H010701,H01070110,H0107011026,ST01,83,C031
16357557,P0129,S0048,2019-07-30,0.0,0.0,8.0,34.9,PR14,,PR03,,,,22.2,22.2,44.4,cluster_0,H01,H0107,H010701,H01070110,H0107011026,ST01,83,C031
16377857,P0129,S0048,2019-07-31,1.0,25.34,7.0,34.9,PR14,,PR03,,,,22.2,22.2,44.4,cluster_0,H01,H0107,H010701,H01070110,H0107011026,ST01,83,C031
16398105,P0129,S0048,2019-08-01,1.0,25.34,6.0,34.9,PR14,,PR03,,,,22.2,22.2,44.4,cluster_0,H01,H0107,H010701,H01070110,H0107011026,ST01,83,C031
16418392,P0129,S0048,2019-08-02,0.0,0.0,12.0,34.9,PR14,,PR03,,,,22.2,22.2,44.4,cluster_0,H01,H0107,H010701,H01070110,H0107011026,ST01,83,C031
16438811,P0129,S0048,2019-08-03,2.0,50.68,10.0,34.9,PR14,,PR03,,,,22.2,22.2,44.4,cluster_0,H01,H0107,H010701,H01070110,H0107011026,ST01,83,C031
16459472,P0129,S0048,2019-08-04,0.0,0.0,10.0,34.9,PR14,,PR03,,,,22.2,22.2,44.4,cluster_0,H01,H0107,H010701,H01070110,H0107011026,ST01,83,C031
16479990,P0129,S0048,2019-08-05,0.0,0.0,10.0,34.9,PR14,,PR03,,,,22.2,22.2,44.4,cluster_0,H01,H0107,H010701,H01070110,H0107011026,ST01,83,C031
16500507,P0129,S0048,2019-08-06,1.0,25.34,18.0,34.9,PR14,,PR03,,,,22.2,22.2,44.4,cluster_0,H01,H0107,H010701,H01070110,H0107011026,ST01,83,C031
16521071,P0129,S0048,2019-08-07,0.0,0.0,18.0,34.9,PR14,,PR03,,,,22.2,22.2,44.4,cluster_0,H01,H0107,H010701,H01070110,H0107011026,ST01,83,C031
16541660,P0129,S0048,2019-08-08,0.0,0.0,18.0,34.9,PR14,,PR03,,,,22.2,22.2,44.4,cluster_0,H01,H0107,H010701,H01070110,H0107011026,ST01,83,C031
16562351,P0129,S0048,2019-08-09,1.0,25.34,17.0,34.9,PR14,,PR03,,,,22.2,22.2,44.4,cluster_0,H01,H0107,H010701,H01070110,H0107011026,ST01,83,C031
16583138,P0129,S0048,2019-08-10,0.0,0.0,17.0,34.9,PR14,,PR03,,,,22.2,22.2,44.4,cluster_0,H01,H0107,H010701,H01070110,H0107011026,ST01,83,C031
16604056,P0129,S0048,2019-08-11,2.0,50.68,15.0,34.9,PR14,,PR03,,,,22.2,22.2,44.4,cluster_0,H01,H0107,H010701,H01070110,H0107011026,ST01,83,C031
16624799,P0129,S0048,2019-08-12,0.0,0.0,15.0,34.9,PR14,,PR03,,,,22.2,22.2,44.4,cluster_0,H01,H0107,H010701,H01070110,H0107011026,ST01,83,C031
16645545,P0129,S0048,2019-08-13,0.0,0.0,15.0,34.9,PR14,,PR03,,,,22.2,22.2,44.4,cluster_0,H01,H0107,H010701,H01070110,H0107011026,ST01,83,C031
16666273,P0129,S0048,2019-08-14,0.0,0.0,15.0,34.9,PR14,,PR03,,,,22.2,22.2,44.4,cluster_0,H01,H0107,H010701,H01070110,H0107011026,ST01,83,C031
16687008,P0129,S0048,2019-08-15,0.0,0.0,15.0,34.9,PR14,,PR03,,,,22.2,22.2,44.4,cluster_0,H01,H0107,H010701,H01070110,H0107011026,ST01,83,C031
16707765,P0129,S0048,2019-08-16,0.0,0.0,15.0,34.9,PR14,,PR03,,,,22.2,22.2,44.4,cluster_0,H01,H0107,H010701,H01070110,H0107011026,ST01,83,C031
16728527,P0129,S0048,2019-08-17,1.0,25.34,14.0,34.9,PR14,,PR03,,,,22.2,22.2,44.4,cluster_0,H01,H0107,H010701,H01070110,H0107011026,ST01,83,C031
16749422,P0129,S0048,2019-08-18,0.0,0.0,14.0,34.9,PR14,,PR03,,,,22.2,22.2,44.4,cluster_0,H01,H0107,H010701,H01070110,H0107011026,ST01,83,C031
16770156,P0129,S0048,2019-08-19,0.0,0.0,14.0,34.9,PR14,,PR03,,,,22.2,22.2,44.4,cluster_0,H01,H0107,H010701,H01070110,H0107011026,ST01,83,C031
16790837,P0129,S0048,2019-08-20,0.0,0.0,14.0,34.9,PR14,,PR03,,,,22.2,22.2,44.4,cluster_0,H01,H0107,H010701,H01070110,H0107011026,ST01,83,C031
16811504,P0129,S0048,2019-08-21,2.0,50.68,12.0,34.9,PR14,,PR03,,,,22.2,22.2,44.4,cluster_0,H01,H0107,H010701,H01070110,H0107011026,ST01,83,C031
16832103,P0129,S0048,2019-08-22,0.0,0.0,12.0,34.9,PR14,,PR03,,,,22.2,22.2,44.4,cluster_0,H01,H0107,H010701,H01070110,H0107011026,ST01,83,C031
16852655,P0129,S0048,2019-08-23,0.0,0.0,12.0,34.9,PR14,,PR03,,,,22.2,22.2,44.4,cluster_0,H01,H0107,H010701,H01070110,H0107011026,ST01,83,C031
16873205,P0129,S0048,2019-08-24,0.0,0.0,12.0,34.9,PR14,,PR03,,,,22.2,22.2,44.4,cluster_0,H01,H0107,H010701,H01070110,H0107011026,ST01,83,C031
16893883,P0129,S0048,2019-08-25,1.0,25.34,11.0,34.9,PR14,,PR03,,,,22.2,22.2,44.4,cluster_0,H01,H0107,H010701,H01070110,H0107011026,ST01,83,C031
16914384,P0129,S0048,2019-08-26,1.0,25.34,10.0,34.9,PR14,,PR03,,,,22.2,22.2,44.4,cluster_0,H01,H0107,H010701,H01070110,H0107011026,ST01,83,C031
16934846,P0129,S0048,2019-08-27,0.0,0.0,10.0,34.9,PR14,,PR03,,,,22.2,22.2,44.4,cluster_0,H01,H0107,H010701,H01070110,H0107011026,ST01,83,C031
16955260,P0129,S0048,2019-08-28,0.0,0.0,10.0,34.9,PR14,,PR03,,,,22.2,22.2,44.4,cluster_0,H01,H0107,H010701,H01070110,H0107011026,ST01,83,C031
16975597,P0129,S0048,2019-08-29,0.0,0.0,10.0,34.9,PR14,,PR03,,,,22.2,22.2,44.4,cluster_0,H01,H0107,H010701,H01070110,H0107011026,ST01,83,C031
16995871,P0129,S0048,2019-08-30,1.0,25.34,8.0,34.9,PR14,,PR03,,,,22.2,22.2,44.4,cluster_0,H01,H0107,H010701,H01070110,H0107011026,ST01,83,C031
17016187,P0129,S0048,2019-08-31,0.0,0.0,8.0,34.9,PR14,,PR03,,,,22.2,22.2,44.4,cluster_0,H01,H0107,H010701,H01070110,H0107011026,ST01,83,C031
17036668,P0129,S0048,2019-09-01,1.0,25.34,7.0,34.9,PR14,,PR03,,,,22.2,22.2,44.4,cluster_0,H01,H0107,H010701,H01070110,H0107011026,ST01,83,C031
17056976,P0129,S0048,2019-09-02,1.0,25.34,6.0,34.9,PR14,,PR03,,,,22.2,22.2,44.4,cluster_0,H01,H0107,H010701,H01070110,H0107011026,ST01,83,C031
17077191,P0129,S0048,2019-09-03,0.0,0.0,6.0,34.9,PR14,,PR03,,,,22.2,22.2,44.4,cluster_0,H01,H0107,H010701,H01070110,H0107011026,ST01,83,C031
17097448,P0129,S0048,2019-09-04,1.0,16.91,5.0,19.95,PR14,,PR03,,,,22.2,22.2,44.4,cluster_0,H01,H0107,H010701,H01070110,H0107011026,ST01,83,C031
17117731,P0129,S0048,2019-09-05,0.0,0.0,5.0,19.95,PR14,,PR03,,,,22.2,22.2,44.4,cluster_0,H01,H0107,H010701,H01070110,H0107011026,ST01,83,C031
17138058,P0129,S0048,2019-09-06,2.0,33.81,3.0,19.95,PR14,,PR03,,,,22.2,22.2,44.4,cluster_0,H01,H0107,H010701,H01070110,H0107011026,ST01,83,C031
17158440,P0129,S0048,2019-09-07,0.0,0.0,3.0,19.95,PR14,,PR03,,,,22.2,22.2,44.4,cluster_0,H01,H0107,H010701,H01070110,H0107011026,ST01,83,C031
17178944,P0129,S0048,2019-09-08,2.0,33.81,1.0,19.95,PR14,,PR03,,,,22.2,22.2,44.4,cluster_0,H01,H0107,H010701,H01070110,H0107011026,ST01,83,C031
17199375,P0129,S0048,2019-09-09,1.0,16.91,6.0,19.95,PR14,,PR03,,,,22.2,22.2,44.4,cluster_0,H01,H0107,H010701,H01070110,H0107011026,ST01,83,C031
17219749,P0129,S0048,2019-09-10,0.0,0.0,6.0,19.95,PR14,,PR03,,,,22.2,22.2,44.4,cluster_0,H01,H0107,H010701,H01070110,H0107011026,ST01,83,C031
17240119,P0129,S0048,2019-09-11,0.0,0.0,9.0,19.95,PR14,,PR03,,,,22.2,22.2,44.4,cluster_0,H01,H0107,H010701,H01070110,H0107011026,ST01,83,C031
17260507,P0129,S0048,2019-09-12,0.0,0.0,9.0,19.95,PR14,,PR03,,,,22.2,22.2,44.4,cluster_0,H01,H0107,H010701,H01070110,H0107011026,ST01,83,C031
17280924,P0129,S0048,2019-09-13,1.0,16.91,8.0,19.95,PR14,,PR03,,,,22.2,22.2,44.4,cluster_0,H01,H0107,H010701,H01070110,H0107011026,ST01,83,C031
17301337,P0129,S0048,2019-09-14,0.0,0.0,8.0,19.95,PR14,,PR03,,,,22.2,22.2,44.4,cluster_0,H01,H0107,H010701,H01070110,H0107011026,ST01,83,C031
17321764,P0129,S0048,2019-09-15,0.0,0.0,8.0,19.95,PR14,,PR03,,,,22.2,22.2,44.4,cluster_0,H01,H0107,H010701,H01070110,H0107011026,ST01,83,C031
17342117,P0129,S0048,2019-09-16,0.0,0.0,8.0,19.95,PR14,,PR03,,,,22.2,22.2,44.4,cluster_0,H01,H0107,H010701,H01070110,H0107011026,ST01,83,C031
17362417,P0129,S0048,2019-09-17,0.0,0.0,8.0,19.95,PR14,,PR03,,,,22.2,22.2,44.4,cluster_0,H01,H0107,H010701,H01070110,H0107011026,ST01,83,C031
17382721,P0129,S0048,2019-09-18,0.0,0.0,8.0,19.95,PR14,,PR03,,,,22.2,22.2,44.4,cluster_0,H01,H0107,H010701,H01070110,H0107011026,ST01,83,C031
17402965,P0129,S0048,2019-09-19,0.0,0.0,8.0,19.95,PR14,,PR03,,,,22.2,22.2,44.4,cluster_0,H01,H0107,H010701,H01070110,H0107011026,ST01,83,C031
17423041,P0129,S0048,2019-09-20,0.0,0.0,8.0,19.95,PR14,,PR03,,,,22.2,22.2,44.4,cluster_0,H01,H0107,H010701,H01070110,H0107011026,ST01,83,C031
17443120,P0129,S0048,2019-09-21,0.0,0.0,8.0,19.95,PR14,,PR03,,,,22.2,22.2,44.4,cluster_0,H01,H0107,H010701,H01070110,H0107011026,ST01,83,C031
17463319,P0129,S0048,2019-09-22,1.0,16.91,7.0,19.95,PR14,,PR03,,,,22.2,22.2,44.4,cluster_0,H01,H0107,H010701,H01070110,H0107011026,ST01,83,C031
17483562,P0129,S0048,2019-09-23,0.0,0.0,10.0,19.95,PR14,,PR03,,,,22.2,22.2,44.4,cluster_0,H01,H0107,H010701,H01070110,H0107011026,ST01,83,C031
17503913,P0129,S0048,2019-09-24,1.0,16.91,9.0,19.95,PR14,,PR03,,,,22.2,22.2,44.4,cluster_0,H01,H0107,H010701,H01070110,H0107011026,ST01,83,C031
17524258,P0129,S0048,2019-09-25,1.0,16.91,8.0,19.95,PR14,,PR03,,,,22.2,22.2,44.4,cluster_0,H01,H0107,H010701,H01070110,H0107011026,ST01,83,C031
17544596,P0129,S0048,2019-09-26,2.0,33.81,6.0,19.95,PR14,,PR03,,,,22.2,22.2,44.4,cluster_0,H01,H0107,H010701,H01070110,H0107011026,ST01,83,C031
17564913,P0129,S0048,2019-09-27,0.0,0.0,6.0,19.95,PR14,,PR03,,,,22.2,22.2,44.4,cluster_0,H01,H0107,H010701,H01070110,H0107011026,ST01,83,C031
17585181,P0129,S0048,2019-09-28,1.0,16.91,5.0,19.95,PR14,,PR03,,,,22.2,22.2,44.4,cluster_0,H01,H0107,H010701,H01070110,H0107011026,ST01,83,C031
17605283,P0129,S0048,2019-09-29,2.0,33.81,3.0,19.95,PR14,,PR03,,,,22.2,22.2,44.4,cluster_0,H01,H0107,H010701,H01070110,H0107011026,ST01,83,C031
17625209,P0129,S0048,2019-09-30,2.0,33.81,1.0,19.95,PR14,,PR03,,,,22.2,22.2,44.4,cluster_0,H01,H0107,H010701,H01070110,H0107011026,ST01,83,C031
17645144,P0129,S0048,2019-10-01,0.0,0.0,1.0,19.95,PR14,,PR03,,,,22.2,22.2,44.4,cluster_0,H01,H0107,H010701,H01070110,H0107011026,ST01,83,C031
17665082,P0129,S0048,2019-10-02,0.0,0.0,1.0,19.95,PR14,,PR03,,,,22.2,22.2,44.4,cluster_0,H01,H0107,H010701,H01070110,H0107011026,ST01,83,C031
17685097,P0129,S0048,2019-10-03,0.0,0.0,31.0,19.95,PR14,,PR03,,,,22.2,22.2,44.4,cluster_0,H01,H0107,H010701,H01070110,H0107011026,ST01,83,C031
17785708,P0129,S0048,2019-10-08,1.0,16.91,9.0,19.95,PR14,,PR03,,,,22.2,22.2,44.4,cluster_0,H01,H0107,H010701,H01070110,H0107011026,ST01,83,C031
17805855,P0129,S0048,2019-10-09,0.0,0.0,9.0,33.9,PR14,,PR03,,,,22.2,22.2,44.4,cluster_0,H01,H0107,H010701,H01070110,H0107011026,ST01,83,C031
17826029,P0129,S0048,2019-10-10,1.0,28.73,8.0,33.9,PR14,,PR03,,,,22.2,22.2,44.4,cluster_0,H01,H0107,H010701,H01070110,H0107011026,ST01,83,C031
17846208,P0129,S0048,2019-10-11,0.0,0.0,8.0,33.9,PR14,,PR03,,,,22.2,22.2,44.4,cluster_0,H01,H0107,H010701,H01070110,H0107011026,ST01,83,C031
17866424,P0129,S0048,2019-10-12,0.0,0.0,8.0,33.9,PR14,,PR03,,,,22.2,22.2,44.4,cluster_0,H01,H0107,H010701,H01070110,H0107011026,ST01,83,C031
17886610,P0129,S0048,2019-10-13,0.0,0.0,8.0,33.9,PR14,,PR03,,,,22.2,22.2,44.4,cluster_0,H01,H0107,H010701,H01070110,H0107011026,ST01,83,C031
17906684,P0129,S0048,2019-10-14,0.0,0.0,8.0,33.9,PR14,,PR03,,,,22.2,22.2,44.4,cluster_0,H01,H0107,H010701,H01070110,H0107011026,ST01,83,C031
17926767,P0129,S0048,2019-10-15,1.0,28.73,7.0,33.9,PR14,,PR03,,,,22.2,22.2,44.4,cluster_0,H01,H0107,H010701,H01070110,H0107011026,ST01,83,C031
17946866,P0129,S0048,2019-10-16,0.0,0.0,7.0,34.9,PR14,,PR03,,,,22.2,22.2,44.4,cluster_0,H01,H0107,H010701,H01070110,H0107011026,ST01,83,C031
17966988,P0129,S0048,2019-10-17,0.0,0.0,7.0,34.9,PR14,,PR03,,,,22.2,22.2,44.4,cluster_0,H01,H0107,H010701,H01070110,H0107011026,ST01,83,C031
17987099,P0129,S0048,2019-10-18,0.0,0.0,7.0,34.9,PR14,,PR03,,,,22.2,22.2,44.4,cluster_0,H01,H0107,H010701,H01070110,H0107011026,ST01,83,C031
18007236,P0129,S0048,2019-10-19,0.0,0.0,7.0,34.9,PR14,,PR03,,,,22.2,22.2,44.4,cluster_0,H01,H0107,H010701,H01070110,H0107011026,ST01,83,C031
18027415,P0129,S0048,2019-10-20,0.0,0.0,7.0,34.9,PR14,,PR03,,,,22.2,22.2,44.4,cluster_0,H01,H0107,H010701,H01070110,H0107011026,ST01,83,C031
18047428,P0129,S0048,2019-10-21,0.0,0.0,7.0,34.9,PR14,,PR03,,,,22.2,22.2,44.4,cluster_0,H01,H0107,H010701,H01070110,H0107011026,ST01,83,C031
18067505,P0129,S0048,2019-10-22,0.0,0.0,7.0,34.9,PR14,,PR03,,,,22.2,22.2,44.4,cluster_0,H01,H0107,H010701,H01070110,H0107011026,ST01,83,C031
18087595,P0129,S0048,2019-10-23,0.0,0.0,7.0,21.9,PR14,,PR03,,,,22.2,22.2,44.4,cluster_0,H01,H0107,H010701,H01070110,H0107011026,ST01,83,C031
18107693,P0129,S0048,2019-10-24,0.0,0.0,7.0,21.9,PR14,,PR03,,,,22.2,22.2,44.4,cluster_0,H01,H0107,H010701,H01070110,H0107011026,ST01,83,C031
18127791,P0129,S0048,2019-10-25,1.0,18.56,6.0,21.9,PR14,,PR03,,,,22.2,22.2,44.4,cluster_0,H01,H0107,H010701,H01070110,H0107011026,ST01,83,C031
18147892,P0129,S0048,2019-10-26,1.0,18.56,5.0,21.9,PR14,,PR03,,,,22.2,22.2,44.4,cluster_0,H01,H0107,H010701,H01070110,H0107011026,ST01,83,C031
18167892,P0129,S0048,2019-10-27,2.0,37.12,3.0,21.9,PR14,,PR03,,,,22.2,22.2,44.4,cluster_0,H01,H0107,H010701,H01070110,H0107011026,ST01,83,C031
18187791,P0129,S0048,2019-10-28,0.0,0.0,12.0,21.9,PR14,,PR03,,,,22.2,22.2,44.4,cluster_0,H01,H0107,H010701,H01070110,H0107011026,ST01,83,C031
18207732,P0129,S0048,2019-10-29,1.0,18.56,11.0,21.9,PR14,,PR03,,,,22.2,22.2,44.4,cluster_0,H01,H0107,H010701,H01070110,H0107011026,ST01,83,C031
18227657,P0129,S0048,2019-10-30,1.0,18.56,10.0,21.9,PR14,,PR03,,,,22.2,22.2,44.4,cluster_0,H01,H0107,H010701,H01070110,H0107011026,ST01,83,C031
18247542,P0129,S0048,2019-10-31,0.0,0.0,10.0,21.9,PR14,,PR03,,,,22.2,22.2,44.4,cluster_0,H01,H0107,H010701,H01070110,H0107011026,ST01,83,C031
18267403,P0129,S0048,2019-11-01,,,,21.9,PR14,,PR03,,,,22.2,22.2,44.4,cluster_0,H01,H0107,H010701,H01070110,H0107011026,ST01,83,C031
18287259,P0129,S0048,2019-11-02,,,,21.9,PR14,,PR03,,,,22.2,22.2,44.4,cluster_0,H01,H0107,H010701,H01070110,H0107011026,ST01,83,C031
18307079,P0129,S0048,2019-11-03,,,,21.9,PR14,,PR03,,,,22.2,22.2,44.4,cluster_0,H01,H0107,H010701,H01070110,H0107011026,ST01,83,C031
18326891,P0129,S0048,2019-11-04,,,,21.9,PR14,,PR03,,,,22.2,22.2,44.4,cluster_0,H01,H0107,H010701,H01070110,H0107011026,ST01,83,C031
18346815,P0129,S0048,2019-11-05,,,,21.9,PR14,,PR03,,,,22.2,22.2,44.4,cluster_0,H01,H0107,H010701,H01070110,H0107011026,ST01,83,C031
18366863,P0129,S0048,2019-11-06,,,,21.9,PR14,,PR03,,,,22.2,22.2,44.4,cluster_0,H01,H0107,H010701,H01070110,H0107011026,ST01,83,C031
18387001,P0129,S0048,2019-11-07,,,,21.9,PR14,,PR03,,,,22.2,22.2,44.4,cluster_0,H01,H0107,H010701,H01070110,H0107011026,ST01,83,C031
18407268,P0129,S0048,2019-11-08,,,,21.9,PR14,,PR03,,,,22.2,22.2,44.4,cluster_0,H01,H0107,H010701,H01070110,H0107011026,ST01,83,C031
