sale_11.csv
Unnamed: 0,product_id,store_id,date,sales,revenue,stock,price,promo_type_1,promo_bin_1,promo_type_2,promo_bin_2,promo_discount_2,promo_discount_type_2,product_length,product_depth,product_width,cluster_id,hierarchy1_id,hierarchy2_id,hierarchy3_id,hierarchy4_id,hierarchy5_id,storetype_id,store_size,city_id
18427572,P0129,S0048,2019-11-09,,,,21.9,PR14,,PR03,,,,22.2,22.2,44.4,cluster_0,H01,H0107,H010701,H01070110,H0107011026,ST01,83,C031
18447793,P0129,S0048,2019-11-10,,,,21.9,PR14,,PR03,,,,22.2,22.2,44.4,cluster_0,H01,H0107,H010701,H01070110,H0107011026,ST01,83,C031
18467972,P0129,S0048,2019-11-11,,,,21.9,PR14,,PR03,,,,22.2,22.2,44.4,cluster_0,H01,H0107,H010701,H01070110,H0107011026,ST01,83,C031
18488282,P0129,S0048,2019-11-12,,,,21.9,PR14,,PR03,,,,22.2,22.2,44.4,cluster_0,H01,H0107,H010701,H01070110,H0107011026,ST01,83,C031
18508638,P0129,S0048,2019-11-13,,,,33.9,PR14,,PR03,,,,22.2,22.2,44.4,cluster_0,H01,H0107,H010701,H01070110,H0107011026,ST01,83,C031
18528976,P0129,S0048,2019-11-14,,,,33.9,PR14,,PR03,,,,22.2,22.2,44.4,cluster_0,H01,H0107,H010701,H01070110,H0107011026,ST01,83,C031
18549333,P0129,S0048,2019-11-15,,,,33.9,PR14,,PR03,,,,22.2,22.2,44.4,cluster_0,H01,H0107,H010701,H01070110,H0107011026,ST01,83,C031
18569712,P0129,S0048,2019-11-16,,,,33.9,PR14,,PR03,,,,22.2,22.2,44.4,cluster_0,H01,H0107,H010701,H01070110,H0107011026,ST01,83,C031
18589990,P0129,S0048,2019-11-17,,,,33.9,PR14,,PR03,,,,22.2,22.2,44.4,cluster_0,H01,H0107,H010701,H01070110,H0107011026,ST01,83,C031
18610213,P0129,S0048,2019-11-18,,,,33.9,PR14,,PR03,,,,22.2,22.2,44.4,cluster_0,H01,H0107,H010701,H01070110,H0107011026,ST01,83,C031
18630561,P0129,S0048,2019-11-19,,,,33.9,PR14,,PR03,,,,22.2,22.2,44.4,cluster_0,H01,H0107,H010701,H01070110,H0107011026,ST01,83,C031
18650984,P0129,S0048,2019-11-20,,,,33.9,PR14,,PR03,,,,22.2,22.2,44.4,cluster_0,H01,H0107,H010701,H01070110,H0107011026,ST01,83,C031
18671462,P0129,S0048,2019-11-21,,,,33.9,PR14,,PR03,,,,22.2,22.2,44.4,cluster_0,H01,H0107,H010701,H01070110,H0107011026,ST01,83,C031
18691971,P0129,S0048,2019-11-22,,,,33.9,PR14,,PR03,,,,22.2,22.2,44.4,cluster_0,H01,H0107,H010701,H01070110,H0107011026,ST01,83,C031
18712489,P0129,S0048,2019-11-23,,,,33.9,PR14,,PR03,,,,22.2,22.2,44.4,cluster_0,H01,H0107,H010701,H01070110,H0107011026,ST01,83,C031
18732961,P0129,S0048,2019-11-24,,,,33.9,PR14,,PR03,,,,22.2,22.2,44.4,cluster_0,H01,H0107,H010701,H01070110,H0107011026,ST01,83,C031
18753373,P0129,S0048,2019-11-25,,,,33.9,PR14,,PR03,,,,22.2,22.2,44.4,cluster_0,H01,H0107,H010701,H01070110,H0107011026,ST01,83,C031
18773822,P0129,S0048,2019-11-26,,,,33.9,PR14,,PR03,,,,22.2,22.2,44.4,cluster_0,H01,H0107,H010701,H01070110,H0107011026,ST01,83,C031
18794253,P0129,S0048,2019-11-27,,,,33.9,PR14,,PR03,,,,22.2,22.2,44.4,cluster_0,H01,H0107,H010701,H01070110,H0107011026,ST01,83,C031
18814654,P0129,S0048,2019-11-28,,,,33.9,PR14,,PR03,,,,22.2,22.2,44.4,cluster_0,H01,H0107,H010701,H01070110,H0107011026,ST01,83,C031
18835010,P0129,S0048,2019-11-29,,,,33.9,PR14,,PR03,,,,22.2,22.2,44.4,cluster_0,H01,H0107,H010701,H01070110,H0107011026,ST01,83,C031
18855370,P0129,S0048,2019-11-30,,,,33.9,PR14,,PR03,,,,22.2,22.2,44.4,cluster_0,H01,H0107,H010701,H01070110,H0107011026,ST01,83,C031
18875629,P0129,S0048,2019-12-01,,,,33.9,PR14,,PR03,,,,22.2,22.2,44.4,cluster_0,H01,H0107,H010701,H01070110,H0107011026,ST01,83,C031
18895751,P0129,S0048,2019-12-02,,,,33.9,PR14,,PR03,,,,22.2,22.2,44.4,cluster_0,H01,H0107,H010701,H01070110,H0107011026,ST01,83,C031
18915930,P0129,S0048,2019-12-03,,,,33.9,PR14,,PR03,,,,22.2,22.2,44.4,cluster_0,H01,H0107,H010701,H01070110,H0107011026,ST01,83,C031
18936114,P0129,S0048,2019-12-04,,,,33.9,PR14,,PR03,,,,22.2,22.2,44.4,cluster_0,H01,H0107,H010701,H01070110,H0107011026,ST01,83,C031
18956337,P0129,S0048,2019-12-05,,,,33.9,PR14,,PR03,,,,22.2,22.2,44.4,cluster_0,H01,H0107,H010701,H01070110,H0107011026,ST01,83,C031
18976594,P0129,S0048,2019-12-06,,,,33.9,PR14,,PR03,,,,22.2,22.2,44.4,cluster_0,H01,H0107,H010701,H01070110,H0107011026,ST01,83,C031
18996828,P0129,S0048,2019-12-07,,,,33.9,PR14,,PR03,,,,22.2,22.2,44.4,cluster_0,H01,H0107,H010701,H01070110,H0107011026,ST01,83,C031
19016965,P0129,S0048,2019-12-08,,,,33.9,PR14,,PR03,,,,22.2,22.2,44.4,cluster_0,H01,H0107,H010701,H01070110,H0107011026,ST01,83,C031
19037015,P0129,S0048,2019-12-09,,,,33.9,PR14,,PR03,,,,22.2,22.2,44.4,cluster_0,H01,H0107,H010701,H01070110,H0107011026,ST01,83,C031
19057165,P0129,S0048,2019-12-10,,,,33.9,PR14,,PR03,,,,22.2,22.2,44.4,cluster_0,H01,H0107,H010701,H01070110,H0107011026,ST01,83,C031
19077317,P0129,S0048,2019-12-11,,,,33.9,PR14,,PR03,,,,22.2,22.2,44.4,cluster_0,H01,H0107,H010701,H01070110,H0107011026,ST01,83,C031
19097522,P0129,S0048,2019-12-12,,,,33.9,PR14,,PR03,,,,22.2,22.2,44.4,cluster_0,H01,H0107,H010701,H01070110,H0107011026,ST01,83,C031
19117742,P0129,S0048,2019-12-13,,,,33.9,PR14,,PR03,,,,22.2,22.2,44.4,cluster_0,H01,H0107,H010701,H01070110,H0107011026,ST01,83,C031
19137968,P0129,S0048,2019-12-14,,,,33.9,PR14,,PR03,,,,22.2,22.2,44.4,cluster_0,H01,H0107,H010701,H01070110,H0107011026,ST01,83,C031
19158081,P0129,S0048,2019-12-15,,,,33.9,PR14,,PR03,,,,22.2,22.2,44.4,cluster_0,H01,H0107,H010701,H01070110,H0107011026,ST01,83,C031
19178140,P0129,S0048,2019-12-16,,,,33.9,PR14,,PR03,,,,22.2,22.2,44.4,cluster_0,H01,H0107,H010701,H01070110,H0107011026,ST01,83,C031
19198281,P0129,S0048,2019-12-17,,,,33.9,PR14,,PR03,,,,22.2,22.2,44.4,cluster_0,H01,H0107,H010701,H01070110,H0107011026,ST01,83,C031
19218408,P0129,S0048,2019-12-18,,,,33.9,PR14,,PR03,,,,22.2,22.2,44.4,cluster_0,H01,H0107,H010701,H01070110,H0107011026,ST01,83,C031
19238515,P0129,S0048,2019-12-19,,,,33.9,PR14,,PR03,,,,22.2,22.2,44.4,cluster_0,H01,H0107,H010701,H01070110,H0107011026,ST01,83,C031
19258628,P0129,S0048,2019-12-20,,,,33.9,PR14,,PR03,,,,22.2,22.2,44.4,cluster_0,H01,H0107,H010701,H01070110,H0107011026,ST01,83,C031
19278744,P0129,S0048,2019-12-21,,,,33.9,PR14,,PR03,,,,22.2,22.2,44.4,cluster_0,H01,H0107,H010701,H01070110,H0107011026,ST01,83,C031
19298778,P0129,S0048,2019-12-22,,,,33.9,PR14,,PR03,,,,22.2,22.2,44.4,cluster_0,H01,H0107,H010701,H01070110,H0107011026,ST01,83,C031
19318735,P0129,S0048,2019-12-23,,,,33.9,PR14,,PR03,,,,22.2,22.2,44.4,cluster_0,H01,H0107,H010701,H01070110,H0107011026,ST01,83,C031
19338790,P0129,S0048,2019-12-24,,,,33.9,PR14,,PR03,,,,22.2,22.2,44.4,cluster_0,H01,H0107,H010701,H01070110,H0107011026,ST01,83,C031
19358828,P0129,S0048,2019-12-25,,,,33.9,PR14,,PR03,,,,22.2,22.2,44.4,cluster_0,H01,H0107,H010701,H01070110,H0107011026,ST01,83,C031
19378820,P0129,S0048,2019-12-26,,,,33.9,PR14,,PR03,,,,22.2,22.2,44.4,cluster_0,H01,H0107,H010701,H01070110,H0107011026,ST01,83,C031
19398792,P0129,S0048,2019-12-27,,,,33.9,PR14,,PR03,,,,22.2,22.2,44.4,cluster_0,H01,H0107,H010701,H01070110,H0107011026,ST01,83,C031
19418760,P0129,S0048,2019-12-28,,,,33.9,PR14,,PR03,,,,22.2,22.2,44.4,cluster_0,H01,H0107,H010701,H01070110,H0107011026,ST01,83,C031
19438616,P0129,S0048,2019-12-29,,,,33.9,PR14,,PR03,,,,22.2,22.2,44.4,cluster_0,H01,H0107,H010701,H01070110,H0107011026,ST01,83,C031
10479709,P0129,S0048,2018-10-05,0.0,0.0,11.0,31.9,PR05,verylow,PR03,,,,22.2,22.2,44.4,cluster_0,H01,H0107,H010701,H01070110,H0107011026,ST01,83,C031
10499182,P0129,S0048,2018-10-06,0.0,0.0,11.0,31.9,PR05,verylow,PR03,,,,22.2,22.2,44.4,cluster_0,H01,H0107,H010701,H01070110,H0107011026,ST01,83,C031
10518673,P0129,S0048,2018-10-07,0.0,0.0,11.0,31.9,PR05,verylow,PR03,,,,22.2,22.2,44.4,cluster_0,H01,H0107,H010701,H01070110,H0107011026,ST01,83,C031
10538091,P0129,S0048,2018-10-08,0.0,0.0,11.0,31.9,PR05,verylow,PR03,,,,22.2,22.2,44.4,cluster_0,H01,H0107,H010701,H01070110,H0107011026,ST01,83,C031
12783807,P0129,S0048,2019-02-02,0.0,0.0,13.0,34.9,PR05,low,PR03,,,,22.2,22.2,44.4,cluster_0,H01,H0107,H010701,H01070110,H0107011026,ST01,83,C031
12803196,P0129,S0048,2019-02-03,0.0,0.0,13.0,34.9,PR05,low,PR03,,,,22.2,22.2,44.4,cluster_0,H01,H0107,H010701,H01070110,H0107011026,ST01,83,C031
12822591,P0129,S0048,2019-02-04,1.0,19.0,12.0,34.9,PR05,low,PR03,,,,22.2,22.2,44.4,cluster_0,H01,H0107,H010701,H01070110,H0107011026,ST01,83,C031
12841956,P0129,S0048,2019-02-05,0.0,0.0,12.0,34.9,PR05,low,PR03,,,,22.2,22.2,44.4,cluster_0,H01,H0107,H010701,H01070110,H0107011026,ST01,83,C031
17705265,P0129,S0048,2019-10-04,21.0,284.03,10.0,19.95,PR05,verylow,PR03,,,,22.2,22.2,44.4,cluster_0,H01,H0107,H010701,H01070110,H0107011026,ST01,83,C031
17725465,P0129,S0048,2019-10-05,5.0,67.63,5.0,19.95,PR05,verylow,PR03,,,,22.2,22.2,44.4,cluster_0,H01,H0107,H010701,H01070110,H0107011026,ST01,83,C031
17745555,P0129,S0048,2019-10-06,1.0,13.53,4.0,19.95,PR05,verylow,PR03,,,,22.2,22.2,44.4,cluster_0,H01,H0107,H010701,H01070110,H0107011026,ST01,83,C031
17765576,P0129,S0048,2019-10-07,3.0,40.58,10.0,19.95,PR05,verylow,PR03,,,,22.2,22.2,44.4,cluster_0,H01,H0107,H010701,H01070110,H0107011026,ST01,83,C031
20309,P0408,S0048,2017-01-03,2.0,33.73,0.0,,PR14,,PR03,,,,6.5,28.2,19.0,cluster_0,H01,H0105,H010500,H01050000,H0105000026,ST01,83,C031
33396,P0408,S0048,2017-01-04,1.0,16.86,0.0,,PR14,,PR03,,,,6.5,28.2,19.0,cluster_0,H01,H0105,H010500,H01050000,H0105000026,ST01,83,C031
46486,P0408,S0048,2017-01-05,1.0,16.86,0.0,,PR14,,PR03,,,,6.5,28.2,19.0,cluster_0,H01,H0105,H010500,H01050000,H0105000026,ST01,83,C031
59599,P0408,S0048,2017-01-06,1.0,16.86,0.0,,PR14,,PR03,,,,6.5,28.2,19.0,cluster_0,H01,H0105,H010500,H01050000,H0105000026,ST01,83,C031
72713,P0408,S0048,2017-01-07,3.0,50.59,0.0,,PR14,,PR03,,,,6.5,28.2,19.0,cluster_0,H01,H0105,H010500,H01050000,H0105000026,ST01,83,C031
85824,P0408,S0048,2017-01-08,5.0,84.32,0.0,,PR14,,PR03,,,,6.5,28.2,19.0,cluster_0,H01,H0105,H010500,H01050000,H0105000026,ST01,83,C031
98946,P0408,S0048,2017-01-09,3.0,50.59,0.0,,PR14,,PR03,,,,6.5,28.2,19.0,cluster_0,H01,H0105,H010500,H01050000,H0105000026,ST01,83,C031
230828,P0408,S0048,2017-01-19,1.0,21.1,0.0,,PR14,,PR03,,,,6.5,28.2,19.0,cluster_0,H01,H0105,H010500,H01050000,H0105000026,ST01,83,C031
244142,P0408,S0048,2017-01-20,1.0,21.1,0.0,,PR14,,PR03,,,,6.5,28.2,19.0,cluster_0,H01,H0105,H010500,H01050000,H0105000026,ST01,83,C031
337325,P0408,S0048,2017-01-27,1.0,21.1,0.0,,PR14,,PR03,,,,6.5,28.2,19.0,cluster_0,H01,H0105,H010500,H01050000,H0105000026,ST01,83,C031
390375,P0408,S0048,2017-01-31,1.0,21.1,0.0,,PR14,,PR03,,,,6.5,28.2,19.0,cluster_0,H01,H0105,H010500,H01050000,H0105000026,ST01,83,C031
403588,P0408,S0048,2017-02-01,1.0,21.1,0.0,,PR14,,PR03,,,,6.5,28.2,19.0,cluster_0,H01,H0105,H010500,H01050000,H0105000026,ST01,83,C031
416819,P0408,S0048,2017-02-02,2.0,42.2,0.0,,PR14,,PR03,,,,6.5,28.2,19.0,cluster_0,H01,H0105,H010500,H01050000,H0105000026,ST01,83,C031
616593,P0408,S0048,2017-02-17,1.0,21.1,0.0,,PR14,,PR03,,,,6.5,28.2,19.0,cluster_0,H01,H0105,H010500,H01050000,H0105000026,ST01,83,C031
629926,P0408,S0048,2017-02-18,2.0,42.2,0.0,,PR14,,PR03,,,,6.5,28.2,19.0,cluster_0,H01,H0105,H010500,H01050000,H0105000026,ST01,83,C031
804435,P0408,S0048,2017-03-03,1.0,21.1,0.0,,PR14,,PR03,,,,6.5,28.2,19.0,cluster_0,H01,H0105,H010500,H01050000,H0105000026,ST01,83,C031
939479,P0408,S0048,2017-03-13,1.0,29.58,0.0,,PR14,,PR03,,,,6.5,28.2,19.0,cluster_0,H01,H0105,H010500,H01050000,H0105000026,ST01,83,C031
1102919,P0408,S0048,2017-03-25,1.0,21.1,0.0,,PR14,,PR03,,,,6.5,28.2,19.0,cluster_0,H01,H0105,H010500,H01050000,H0105000026,ST01,83,C031
1213092,P0408,S0048,2017-04-02,1.0,21.1,0.0,,PR14,,PR03,,,,6.5,28.2,19.0,cluster_0,H01,H0105,H010500,H01050000,H0105000026,ST01,83,C031
1407184,P0408,S0048,2017-04-16,1.0,25.34,0.0,,PR14,,PR03,,,,6.5,28.2,19.0,cluster_0,H01,H0105,H010500,H01050000,H0105000026,ST01,83,C031
2084702,P0408,S0048,2017-06-03,1.0,25.34,0.0,,PR14,,PR03,,,,6.5,28.2,19.0,cluster_0,H01,H0105,H010500,H01050000,H0105000026,ST01,83,C031
2201513,P0408,S0048,2017-06-11,1.0,25.34,0.0,,PR14,,PR03,,,,6.5,28.2,19.0,cluster_0,H01,H0105,H010500,H01050000,H0105000026,ST01,83,C031
2260066,P0408,S0048,2017-06-15,1.0,25.34,0.0,,PR14,,PR03,,,,6.5,28.2,19.0,cluster_0,H01,H0105,H010500,H01050000,H0105000026,ST01,83,C031
2274755,P0408,S0048,2017-06-16,1.0,16.86,0.0,,PR14,,PR03,,,,6.5,28.2,19.0,cluster_0,H01,H0105,H010500,H01050000,H0105000026,ST01,83,C031
2348343,P0408,S0048,2017-06-21,3.0,50.59,0.0,,PR14,,PR03,,,,6.5,28.2,19.0,cluster_0,H01,H0105,H010500,H01050000,H0105000026,ST01,83,C031
2363123,P0408,S0048,2017-06-22,2.0,33.73,0.0,,PR14,,PR03,,,,6.5,28.2,19.0,cluster_0,H01,H0105,H010500,H01050000,H0105000026,ST01,83,C031
2377963,P0408,S0048,2017-06-23,1.0,16.86,0.0,,PR14,,PR03,,,,6.5,28.2,19.0,cluster_0,H01,H0105,H010500,H01050000,H0105000026,ST01,83,C031
2392779,P0408,S0048,2017-06-24,3.0,50.59,0.0,,PR14,,PR03,,,,6.5,28.2,19.0,cluster_0,H01,H0105,H010500,H01050000,H0105000026,ST01,83,C031
2422342,P0408,S0048,2017-06-26,2.0,33.73,0.0,,PR14,,PR03,,,,6.5,28.2,19.0,cluster_0,H01,H0105,H010500,H01050000,H0105000026,ST01,83,C031
2451890,P0408,S0048,2017-06-28,1.0,16.86,0.0,,PR14,,PR03,,,,6.5,28.2,19.0,cluster_0,H01,H0105,H010500,H01050000,H0105000026,ST01,83,C031
2495868,P0408,S0048,2017-07-01,1.0,16.86,0.0,,PR14,,PR03,,,,6.5,28.2,19.0,cluster_0,H01,H0105,H010500,H01050000,H0105000026,ST01,83,C031
2525362,P0408,S0048,2017-07-03,1.0,16.86,0.0,,PR14,,PR03,,,,6.5,28.2,19.0,cluster_0,H01,H0105,H010500,H01050000,H0105000026,ST01,83,C031
2764530,P0408,S0048,2017-07-19,1.0,25.34,0.0,,PR14,,PR03,,,,6.5,28.2,19.0,cluster_0,H01,H0105,H010500,H01050000,H0105000026,ST01,83,C031
2809657,P0408,S0048,2017-07-22,1.0,25.34,0.0,,PR14,,PR03,,,,6.5,28.2,19.0,cluster_0,H01,H0105,H010500,H01050000,H0105000026,ST01,83,C031
2839691,P0408,S0048,2017-07-24,1.0,25.34,0.0,,PR14,,PR03,,,,6.5,28.2,19.0,cluster_0,H01,H0105,H010500,H01050000,H0105000026,ST01,83,C031
2884785,P0408,S0048,2017-07-27,1.0,25.34,0.0,,PR14,,PR03,,,,6.5,28.2,19.0,cluster_0,H01,H0105,H010500,H01050000,H0105000026,ST01,83,C031
2929815,P0408,S0048,2017-07-30,2.0,50.68,0.0,,PR14,,PR03,,,,6.5,28.2,19.0,cluster_0,H01,H0105,H010500,H01050000,H0105000026,ST01,83,C031
2945146,P0408,S0048,2017-07-31,0.0,0.0,10.0,,PR14,,PR03,,,,6.5,28.2,19.0,cluster_0,H01,H0105,H010500,H01050000,H0105000026,ST01,83,C031
2960637,P0408,S0048,2017-08-01,1.0,25.34,10.0,,PR14,,PR03,,,,6.5,28.2,19.0,cluster_0,H01,H0105,H010500,H01050000,H0105000026,ST01,83,C031
2976132,P0408,S0048,2017-08-02,0.0,0.0,9.0,,PR14,,PR03,,,,6.5,28.2,19.0,cluster_0,H01,H0105,H010500,H01050000,H0105000026,ST01,83,C031
2991627,P0408,S0048,2017-08-03,0.0,0.0,9.0,,PR14,,PR03,,,,6.5,28.2,19.0,cluster_0,H01,H0105,H010500,H01050000,H0105000026,ST01,83,C031
3007125,P0408,S0048,2017-08-04,0.0,0.0,21.0,,PR14,,PR03,,,,6.5,28.2,19.0,cluster_0,H01,H0105,H010500,H01050000,H0105000026,ST01,83,C031
3022587,P0408,S0048,2017-08-05,0.0,0.0,21.0,,PR14,,PR03,,,,6.5,28.2,19.0,cluster_0,H01,H0105,H010500,H01050000,H0105000026,ST01,83,C031
3038039,P0408,S0048,2017-08-06,1.0,25.34,21.0,,PR14,,PR03,,,,6.5,28.2,19.0,cluster_0,H01,H0105,H010500,H01050000,H0105000026,ST01,83,C031
3053553,P0408,S0048,2017-08-07,2.0,50.68,20.0,,PR14,,PR03,,,,6.5,28.2,19.0,cluster_0,H01,H0105,H010500,H01050000,H0105000026,ST01,83,C031
3069053,P0408,S0048,2017-08-08,0.0,0.0,18.0,,PR14,,PR03,,,,6.5,28.2,19.0,cluster_0,H01,H0105,H010500,H01050000,H0105000026,ST01,83,C031
3084591,P0408,S0048,2017-08-09,0.0,0.0,18.0,,PR14,,PR03,,,,6.5,28.2,19.0,cluster_0,H01,H0105,H010500,H01050000,H0105000026,ST01,83,C031
3100170,P0408,S0048,2017-08-10,0.0,0.0,24.0,,PR14,,PR03,,,,6.5,28.2,19.0,cluster_0,H01,H0105,H010500,H01050000,H0105000026,ST01,83,C031
3115774,P0408,S0048,2017-08-11,2.0,38.0,24.0,,PR14,,PR03,,,,6.5,28.2,19.0,cluster_0,H01,H0105,H010500,H01050000,H0105000026,ST01,83,C031
3131340,P0408,S0048,2017-08-12,0.0,0.0,22.0,,PR14,,PR03,,,,6.5,28.2,19.0,cluster_0,H01,H0105,H010500,H01050000,H0105000026,ST01,83,C031
3146882,P0408,S0048,2017-08-13,2.0,38.0,22.0,,PR14,,PR03,,,,6.5,28.2,19.0,cluster_0,H01,H0105,H010500,H01050000,H0105000026,ST01,83,C031
3162481,P0408,S0048,2017-08-14,3.0,57.0,20.0,,PR14,,PR03,,,,6.5,28.2,19.0,cluster_0,H01,H0105,H010500,H01050000,H0105000026,ST01,83,C031
3178077,P0408,S0048,2017-08-15,0.0,0.0,17.0,,PR14,,PR03,,,,6.5,28.2,19.0,cluster_0,H01,H0105,H010500,H01050000,H0105000026,ST01,83,C031
3193682,P0408,S0048,2017-08-16,0.0,0.0,17.0,,PR14,,PR03,,,,6.5,28.2,19.0,cluster_0,H01,H0105,H010500,H01050000,H0105000026,ST01,83,C031
3209252,P0408,S0048,2017-08-17,0.0,0.0,17.0,,PR14,,PR03,,,,6.5,28.2,19.0,cluster_0,H01,H0105,H010500,H01050000,H0105000026,ST01,83,C031
3224883,P0408,S0048,2017-08-18,1.0,19.0,17.0,,PR14,,PR03,,,,6.5,28.2,19.0,cluster_0,H01,H0105,H010500,H01050000,H0105000026,ST01,83,C031
3240486,P0408,S0048,2017-08-19,0.0,0.0,16.0,,PR14,,PR03,,,,6.5,28.2,19.0,cluster_0,H01,H0105,H010500,H01050000,H0105000026,ST01,83,C031
3256141,P0408,S0048,2017-08-20,0.0,0.0,16.0,,PR14,,PR03,,,,6.5,28.2,19.0,cluster_0,H01,H0105,H010500,H01050000,H0105000026,ST01,83,C031
3271872,P0408,S0048,2017-08-21,0.0,0.0,16.0,,PR14,,PR03,,,,6.5,28.2,19.0,cluster_0,H01,H0105,H010500,H01050000,H0105000026,ST01,83,C031
3287611,P0408,S0048,2017-08-22,0.0,0.0,16.0,,PR14,,PR03,,,,6.5,28.2,19.0,cluster_0,H01,H0105,H010500,H01050000,H0105000026,ST01,83,C031
3303360,P0408,S0048,2017-08-23,0.0,0.0,16.0,,PR14,,PR03,,,,6.5,28.2,19.0,cluster_0,H01,H0105,H010500,H01050000,H0105000026,ST01,83,C031
3319142,P0408,S0048,2017-08-24,0.0,0.0,16.0,,PR14,,PR03,,,,6.5,28.2,19.0,cluster_0,H01,H0105,H010500,H01050000,H0105000026,ST01,83,C031
3334983,P0408,S0048,2017-08-25,0.0,0.0,16.0,,PR14,,PR03,,,,6.5,28.2,19.0,cluster_0,H01,H0105,H010500,H01050000,H0105000026,ST01,83,C031
3350773,P0408,S0048,2017-08-26,0.0,0.0,16.0,,PR14,,PR03,,,,6.5,28.2,19.0,cluster_0,H01,H0105,H010500,H01050000,H0105000026,ST01,83,C031
3366522,P0408,S0048,2017-08-27,0.0,0.0,16.0,,PR14,,PR03,,,,6.5,28.2,19.0,cluster_0,H01,H0105,H010500,H01050000,H0105000026,ST01,83,C031
3382242,P0408,S0048,2017-08-28,1.0,25.34,16.0,,PR14,,PR03,,,,6.5,28.2,19.0,cluster_0,H01,H0105,H010500,H01050000,H0105000026,ST01,83,C031
3397908,P0408,S0048,2017-08-29,0.0,0.0,15.0,,PR14,,PR03,,,,6.5,28.2,19.0,cluster_0,H01,H0105,H010500,H01050000,H0105000026,ST01,83,C031
