sale_11.csv
Unnamed: 0,product_id,store_id,date,sales,revenue,stock,price,promo_type_1,promo_bin_1,promo_type_2,promo_bin_2,promo_discount_2,promo_discount_type_2,product_length,product_depth,product_width,cluster_id,hierarchy1_id,hierarchy2_id,hierarchy3_id,hierarchy4_id,hierarchy5_id,storetype_id,store_size,city_id
7734767,P0408,S0048,2018-05-17,0.0,0.0,9.0,,PR14,,PR03,,,,6.5,28.2,19.0,cluster_0,H01,H0105,H010500,H01050000,H0105000026,ST01,83,C031
7753587,P0408,S0048,2018-05-18,0.0,0.0,9.0,,PR14,,PR03,,,,6.5,28.2,19.0,cluster_0,H01,H0105,H010500,H01050000,H0105000026,ST01,83,C031
7772474,P0408,S0048,2018-05-19,0.0,0.0,9.0,,PR14,,PR03,,,,6.5,28.2,19.0,cluster_0,H01,H0105,H010500,H01050000,H0105000026,ST01,83,C031
7791373,P0408,S0048,2018-05-20,1.0,25.34,9.0,,PR14,,PR03,,,,6.5,28.2,19.0,cluster_0,H01,H0105,H010500,H01050000,H0105000026,ST01,83,C031
7810247,P0408,S0048,2018-05-21,0.0,0.0,8.0,,PR14,,PR03,,,,6.5,28.2,19.0,cluster_0,H01,H0105,H010500,H01050000,H0105000026,ST01,83,C031
7829133,P0408,S0048,2018-05-22,0.0,0.0,8.0,,PR14,,PR03,,,,6.5,28.2,19.0,cluster_0,H01,H0105,H010500,H01050000,H0105000026,ST01,83,C031
7848074,P0408,S0048,2018-05-23,0.0,0.0,8.0,,PR14,,PR03,,,,6.5,28.2,19.0,cluster_0,H01,H0105,H010500,H01050000,H0105000026,ST01,83,C031
7867057,P0408,S0048,2018-05-24,0.0,0.0,8.0,,PR14,,PR03,,,,6.5,28.2,19.0,cluster_0,H01,H0105,H010500,H01050000,H0105000026,ST01,83,C031
7886096,P0408,S0048,2018-05-25,0.0,0.0,8.0,,PR14,,PR03,,,,6.5,28.2,19.0,cluster_0,H01,H0105,H010500,H01050000,H0105000026,ST01,83,C031
7905278,P0408,S0048,2018-05-26,0.0,0.0,8.0,,PR14,,PR03,,,,6.5,28.2,19.0,cluster_0,H01,H0105,H010500,H01050000,H0105000026,ST01,83,C031
7924484,P0408,S0048,2018-05-27,0.0,0.0,8.0,,PR14,,PR03,,,,6.5,28.2,19.0,cluster_0,H01,H0105,H010500,H01050000,H0105000026,ST01,83,C031
7943672,P0408,S0048,2018-05-28,1.0,25.34,7.0,,PR14,,PR03,,,,6.5,28.2,19.0,cluster_0,H01,H0105,H010500,H01050000,H0105000026,ST01,83,C031
7962889,P0408,S0048,2018-05-29,0.0,0.0,7.0,,PR14,,PR03,,,,6.5,28.2,19.0,cluster_0,H01,H0105,H010500,H01050000,H0105000026,ST01,83,C031
7982119,P0408,S0048,2018-05-30,0.0,0.0,7.0,,PR14,,PR03,,,,6.5,28.2,19.0,cluster_0,H01,H0105,H010500,H01050000,H0105000026,ST01,83,C031
8001300,P0408,S0048,2018-05-31,0.0,0.0,7.0,,PR14,,PR03,,,,6.5,28.2,19.0,cluster_0,H01,H0105,H010500,H01050000,H0105000026,ST01,83,C031
8020435,P0408,S0048,2018-06-01,0.0,0.0,7.0,,PR14,,PR03,,,,6.5,28.2,19.0,cluster_0,H01,H0105,H010500,H01050000,H0105000026,ST01,83,C031
8039640,P0408,S0048,2018-06-02,0.0,0.0,7.0,,PR14,,PR03,,,,6.5,28.2,19.0,cluster_0,H01,H0105,H010500,H01050000,H0105000026,ST01,83,C031
8058957,P0408,S0048,2018-06-03,1.0,25.34,6.0,,PR14,,PR03,,,,6.5,28.2,19.0,cluster_0,H01,H0105,H010500,H01050000,H0105000026,ST01,83,C031
8078242,P0408,S0048,2018-06-04,0.0,0.0,6.0,,PR14,,PR03,,,,6.5,28.2,19.0,cluster_0,H01,H0105,H010500,H01050000,H0105000026,ST01,83,C031
8097585,P0408,S0048,2018-06-05,0.0,0.0,6.0,,PR14,,PR03,,,,6.5,28.2,19.0,cluster_0,H01,H0105,H010500,H01050000,H0105000026,ST01,83,C031
8116963,P0408,S0048,2018-06-06,0.0,0.0,6.0,,PR14,,PR03,,,,6.5,28.2,19.0,cluster_0,H01,H0105,H010500,H01050000,H0105000026,ST01,83,C031
8136388,P0408,S0048,2018-06-07,0.0,0.0,6.0,,PR14,,PR03,,,,6.5,28.2,19.0,cluster_0,H01,H0105,H010500,H01050000,H0105000026,ST01,83,C031
8155867,P0408,S0048,2018-06-08,0.0,0.0,6.0,,PR14,,PR03,,,,6.5,28.2,19.0,cluster_0,H01,H0105,H010500,H01050000,H0105000026,ST01,83,C031
8175382,P0408,S0048,2018-06-09,0.0,0.0,6.0,,PR14,,PR03,,,,6.5,28.2,19.0,cluster_0,H01,H0105,H010500,H01050000,H0105000026,ST01,83,C031
8194893,P0408,S0048,2018-06-10,1.0,25.34,5.0,,PR14,,PR03,,,,6.5,28.2,19.0,cluster_0,H01,H0105,H010500,H01050000,H0105000026,ST01,83,C031
8214350,P0408,S0048,2018-06-11,0.0,0.0,5.0,,PR14,,PR03,,,,6.5,28.2,19.0,cluster_0,H01,H0105,H010500,H01050000,H0105000026,ST01,83,C031
8233812,P0408,S0048,2018-06-12,0.0,0.0,5.0,,PR14,,PR03,,,,6.5,28.2,19.0,cluster_0,H01,H0105,H010500,H01050000,H0105000026,ST01,83,C031
8253286,P0408,S0048,2018-06-13,0.0,0.0,5.0,,PR14,,PR03,,,,6.5,28.2,19.0,cluster_0,H01,H0105,H010500,H01050000,H0105000026,ST01,83,C031
8272766,P0408,S0048,2018-06-14,0.0,0.0,5.0,,PR14,,PR03,,,,6.5,28.2,19.0,cluster_0,H01,H0105,H010500,H01050000,H0105000026,ST01,83,C031
8292222,P0408,S0048,2018-06-15,0.0,0.0,5.0,,PR14,,PR03,,,,6.5,28.2,19.0,cluster_0,H01,H0105,H010500,H01050000,H0105000026,ST01,83,C031
8311743,P0408,S0048,2018-06-16,0.0,0.0,5.0,,PR14,,PR03,,,,6.5,28.2,19.0,cluster_0,H01,H0105,H010500,H01050000,H0105000026,ST01,83,C031
8331323,P0408,S0048,2018-06-17,0.0,0.0,5.0,,PR14,,PR03,,,,6.5,28.2,19.0,cluster_0,H01,H0105,H010500,H01050000,H0105000026,ST01,83,C031
8350844,P0408,S0048,2018-06-18,0.0,0.0,5.0,,PR14,,PR03,,,,6.5,28.2,19.0,cluster_0,H01,H0105,H010500,H01050000,H0105000026,ST01,83,C031
8370402,P0408,S0048,2018-06-19,0.0,0.0,5.0,,PR14,,PR03,,,,6.5,28.2,19.0,cluster_0,H01,H0105,H010500,H01050000,H0105000026,ST01,83,C031
8390015,P0408,S0048,2018-06-20,0.0,0.0,5.0,,PR14,,PR03,,,,6.5,28.2,19.0,cluster_0,H01,H0105,H010500,H01050000,H0105000026,ST01,83,C031
8409666,P0408,S0048,2018-06-21,0.0,0.0,5.0,,PR14,,PR03,,,,6.5,28.2,19.0,cluster_0,H01,H0105,H010500,H01050000,H0105000026,ST01,83,C031
8429380,P0408,S0048,2018-06-22,0.0,0.0,5.0,,PR14,,PR03,,,,6.5,28.2,19.0,cluster_0,H01,H0105,H010500,H01050000,H0105000026,ST01,83,C031
8449145,P0408,S0048,2018-06-23,0.0,0.0,5.0,,PR14,,PR03,,,,6.5,28.2,19.0,cluster_0,H01,H0105,H010500,H01050000,H0105000026,ST01,83,C031
8468898,P0408,S0048,2018-06-24,0.0,0.0,5.0,,PR14,,PR03,,,,6.5,28.2,19.0,cluster_0,H01,H0105,H010500,H01050000,H0105000026,ST01,83,C031
8488622,P0408,S0048,2018-06-25,0.0,0.0,5.0,,PR14,,PR03,,,,6.5,28.2,19.0,cluster_0,H01,H0105,H010500,H01050000,H0105000026,ST01,83,C031
8508340,P0408,S0048,2018-06-26,0.0,0.0,5.0,,PR14,,PR03,,,,6.5,28.2,19.0,cluster_0,H01,H0105,H010500,H01050000,H0105000026,ST01,83,C031
8528068,P0408,S0048,2018-06-27,0.0,0.0,5.0,,PR14,,PR03,,,,6.5,28.2,19.0,cluster_0,H01,H0105,H010500,H01050000,H0105000026,ST01,83,C031
8547809,P0408,S0048,2018-06-28,0.0,0.0,5.0,,PR14,,PR03,,,,6.5,28.2,19.0,cluster_0,H01,H0105,H010500,H01050000,H0105000026,ST01,83,C031
8567522,P0408,S0048,2018-06-29,0.0,0.0,5.0,,PR14,,PR03,,,,6.5,28.2,19.0,cluster_0,H01,H0105,H010500,H01050000,H0105000026,ST01,83,C031
8587261,P0408,S0048,2018-06-30,0.0,0.0,5.0,,PR14,,PR03,,,,6.5,28.2,19.0,cluster_0,H01,H0105,H010500,H01050000,H0105000026,ST01,83,C031
8607003,P0408,S0048,2018-07-01,0.0,0.0,5.0,,PR14,,PR03,,,,6.5,28.2,19.0,cluster_0,H01,H0105,H010500,H01050000,H0105000026,ST01,83,C031
8626718,P0408,S0048,2018-07-02,0.0,0.0,5.0,,PR14,,PR03,,,,6.5,28.2,19.0,cluster_0,H01,H0105,H010500,H01050000,H0105000026,ST01,83,C031
8646482,P0408,S0048,2018-07-03,0.0,0.0,5.0,,PR14,,PR03,,,,6.5,28.2,19.0,cluster_0,H01,H0105,H010500,H01050000,H0105000026,ST01,83,C031
8666274,P0408,S0048,2018-07-04,0.0,0.0,5.0,,PR14,,PR03,,,,6.5,28.2,19.0,cluster_0,H01,H0105,H010500,H01050000,H0105000026,ST01,83,C031
8686060,P0408,S0048,2018-07-05,0.0,0.0,5.0,,PR14,,PR03,,,,6.5,28.2,19.0,cluster_0,H01,H0105,H010500,H01050000,H0105000026,ST01,83,C031
8705845,P0408,S0048,2018-07-06,1.0,28.73,4.0,,PR14,,PR03,,,,6.5,28.2,19.0,cluster_0,H01,H0105,H010500,H01050000,H0105000026,ST01,83,C031
8725696,P0408,S0048,2018-07-07,0.0,0.0,4.0,,PR14,,PR03,,,,6.5,28.2,19.0,cluster_0,H01,H0105,H010500,H01050000,H0105000026,ST01,83,C031
8745537,P0408,S0048,2018-07-08,0.0,0.0,4.0,,PR14,,PR03,,,,6.5,28.2,19.0,cluster_0,H01,H0105,H010500,H01050000,H0105000026,ST01,83,C031
8765325,P0408,S0048,2018-07-09,0.0,0.0,4.0,,PR14,,PR03,,,,6.5,28.2,19.0,cluster_0,H01,H0105,H010500,H01050000,H0105000026,ST01,83,C031
8785116,P0408,S0048,2018-07-10,0.0,0.0,4.0,,PR14,,PR03,,,,6.5,28.2,19.0,cluster_0,H01,H0105,H010500,H01050000,H0105000026,ST01,83,C031
8804945,P0408,S0048,2018-07-11,0.0,0.0,4.0,,PR14,,PR03,,,,6.5,28.2,19.0,cluster_0,H01,H0105,H010500,H01050000,H0105000026,ST01,83,C031
8824795,P0408,S0048,2018-07-12,1.0,28.73,3.0,,PR14,,PR03,,,,6.5,28.2,19.0,cluster_0,H01,H0105,H010500,H01050000,H0105000026,ST01,83,C031
8844686,P0408,S0048,2018-07-13,0.0,0.0,3.0,,PR14,,PR03,,,,6.5,28.2,19.0,cluster_0,H01,H0105,H010500,H01050000,H0105000026,ST01,83,C031
8864646,P0408,S0048,2018-07-14,0.0,0.0,3.0,,PR14,,PR03,,,,6.5,28.2,19.0,cluster_0,H01,H0105,H010500,H01050000,H0105000026,ST01,83,C031
8884593,P0408,S0048,2018-07-15,0.0,0.0,3.0,,PR14,,PR03,,,,6.5,28.2,19.0,cluster_0,H01,H0105,H010500,H01050000,H0105000026,ST01,83,C031
8904510,P0408,S0048,2018-07-16,0.0,0.0,3.0,,PR14,,PR03,,,,6.5,28.2,19.0,cluster_0,H01,H0105,H010500,H01050000,H0105000026,ST01,83,C031
8924463,P0408,S0048,2018-07-17,0.0,0.0,9.0,,PR14,,PR03,,,,6.5,28.2,19.0,cluster_0,H01,H0105,H010500,H01050000,H0105000026,ST01,83,C031
8944429,P0408,S0048,2018-07-18,0.0,0.0,9.0,,PR14,,PR03,,,,6.5,28.2,19.0,cluster_0,H01,H0105,H010500,H01050000,H0105000026,ST01,83,C031
8964392,P0408,S0048,2018-07-19,0.0,0.0,9.0,,PR14,,PR03,,,,6.5,28.2,19.0,cluster_0,H01,H0105,H010500,H01050000,H0105000026,ST01,83,C031
8984359,P0408,S0048,2018-07-20,0.0,0.0,9.0,,PR14,,PR03,,,,6.5,28.2,19.0,cluster_0,H01,H0105,H010500,H01050000,H0105000026,ST01,83,C031
9004343,P0408,S0048,2018-07-21,0.0,0.0,9.0,,PR14,,PR03,,,,6.5,28.2,19.0,cluster_0,H01,H0105,H010500,H01050000,H0105000026,ST01,83,C031
9024307,P0408,S0048,2018-07-22,0.0,0.0,9.0,,PR14,,PR03,,,,6.5,28.2,19.0,cluster_0,H01,H0105,H010500,H01050000,H0105000026,ST01,83,C031
9044201,P0408,S0048,2018-07-23,0.0,0.0,9.0,,PR14,,PR03,,,,6.5,28.2,19.0,cluster_0,H01,H0105,H010500,H01050000,H0105000026,ST01,83,C031
9064082,P0408,S0048,2018-07-24,0.0,0.0,9.0,,PR14,,PR03,,,,6.5,28.2,19.0,cluster_0,H01,H0105,H010500,H01050000,H0105000026,ST01,83,C031
9083955,P0408,S0048,2018-07-25,0.0,0.0,9.0,,PR14,,PR03,,,,6.5,28.2,19.0,cluster_0,H01,H0105,H010500,H01050000,H0105000026,ST01,83,C031
9103807,P0408,S0048,2018-07-26,0.0,0.0,9.0,,PR14,,PR03,,,,6.5,28.2,19.0,cluster_0,H01,H0105,H010500,H01050000,H0105000026,ST01,83,C031
9123606,P0408,S0048,2018-07-27,0.0,0.0,9.0,,PR14,,PR03,,,,6.5,28.2,19.0,cluster_0,H01,H0105,H010500,H01050000,H0105000026,ST01,83,C031
9143380,P0408,S0048,2018-07-28,0.0,0.0,9.0,,PR14,,PR03,,,,6.5,28.2,19.0,cluster_0,H01,H0105,H010500,H01050000,H0105000026,ST01,83,C031
9163170,P0408,S0048,2018-07-29,0.0,0.0,9.0,,PR14,,PR03,,,,6.5,28.2,19.0,cluster_0,H01,H0105,H010500,H01050000,H0105000026,ST01,83,C031
9182904,P0408,S0048,2018-07-30,0.0,0.0,9.0,,PR14,,PR03,,,,6.5,28.2,19.0,cluster_0,H01,H0105,H010500,H01050000,H0105000026,ST01,83,C031
9202582,P0408,S0048,2018-07-31,0.0,0.0,9.0,,PR14,,PR03,,,,6.5,28.2,19.0,cluster_0,H01,H0105,H010500,H01050000,H0105000026,ST01,83,C031
9222298,P0408,S0048,2018-08-01,0.0,0.0,9.0,,PR14,,PR03,,,,6.5,28.2,19.0,cluster_0,H01,H0105,H010500,H01050000,H0105000026,ST01,83,C031
9242037,P0408,S0048,2018-08-02,0.0,0.0,9.0,,PR14,,PR03,,,,6.5,28.2,19.0,cluster_0,H01,H0105,H010500,H01050000,H0105000026,ST01,83,C031
9261751,P0408,S0048,2018-08-03,1.0,33.81,8.0,,PR14,,PR03,,,,6.5,28.2,19.0,cluster_0,H01,H0105,H010500,H01050000,H0105000026,ST01,83,C031
9281525,P0408,S0048,2018-08-04,0.0,0.0,8.0,,PR14,,PR03,,,,6.5,28.2,19.0,cluster_0,H01,H0105,H010500,H01050000,H0105000026,ST01,83,C031
9301280,P0408,S0048,2018-08-05,0.0,0.0,8.0,,PR14,,PR03,,,,6.5,28.2,19.0,cluster_0,H01,H0105,H010500,H01050000,H0105000026,ST01,83,C031
9320961,P0408,S0048,2018-08-06,0.0,0.0,8.0,,PR14,,PR03,,,,6.5,28.2,19.0,cluster_0,H01,H0105,H010500,H01050000,H0105000026,ST01,83,C031
9340589,P0408,S0048,2018-08-07,0.0,0.0,8.0,,PR14,,PR03,,,,6.5,28.2,19.0,cluster_0,H01,H0105,H010500,H01050000,H0105000026,ST01,83,C031
9360212,P0408,S0048,2018-08-08,0.0,0.0,8.0,,PR14,,PR03,,,,6.5,28.2,19.0,cluster_0,H01,H0105,H010500,H01050000,H0105000026,ST01,83,C031
9379822,P0408,S0048,2018-08-09,0.0,0.0,8.0,,PR14,,PR03,,,,6.5,28.2,19.0,cluster_0,H01,H0105,H010500,H01050000,H0105000026,ST01,83,C031
9399426,P0408,S0048,2018-08-10,0.0,0.0,8.0,,PR14,,PR03,,,,6.5,28.2,19.0,cluster_0,H01,H0105,H010500,H01050000,H0105000026,ST01,83,C031
9419076,P0408,S0048,2018-08-11,0.0,0.0,8.0,,PR14,,PR03,,,,6.5,28.2,19.0,cluster_0,H01,H0105,H010500,H01050000,H0105000026,ST01,83,C031
9438686,P0408,S0048,2018-08-12,0.0,0.0,8.0,,PR14,,PR03,,,,6.5,28.2,19.0,cluster_0,H01,H0105,H010500,H01050000,H0105000026,ST01,83,C031
9458223,P0408,S0048,2018-08-13,0.0,0.0,8.0,,PR14,,PR03,,,,6.5,28.2,19.0,cluster_0,H01,H0105,H010500,H01050000,H0105000026,ST01,83,C031
9477728,P0408,S0048,2018-08-14,0.0,0.0,8.0,,PR14,,PR03,,,,6.5,28.2,19.0,cluster_0,H01,H0105,H010500,H01050000,H0105000026,ST01,83,C031
9497231,P0408,S0048,2018-08-15,0.0,0.0,8.0,,PR14,,PR03,,,,6.5,28.2,19.0,cluster_0,H01,H0105,H010500,H01050000,H0105000026,ST01,83,C031
9516791,P0408,S0048,2018-08-16,0.0,0.0,8.0,,PR14,,PR03,,,,6.5,28.2,19.0,cluster_0,H01,H0105,H010500,H01050000,H0105000026,ST01,83,C031
9536348,P0408,S0048,2018-08-17,0.0,0.0,8.0,,PR14,,PR03,,,,6.5,28.2,19.0,cluster_0,H01,H0105,H010500,H01050000,H0105000026,ST01,83,C031
9555917,P0408,S0048,2018-08-18,0.0,0.0,8.0,,PR14,,PR03,,,,6.5,28.2,19.0,cluster_0,H01,H0105,H010500,H01050000,H0105000026,ST01,83,C031
9575473,P0408,S0048,2018-08-19,1.0,38.9,7.0,,PR14,,PR03,,,,6.5,28.2,19.0,cluster_0,H01,H0105,H010500,H01050000,H0105000026,ST01,83,C031
9594995,P0408,S0048,2018-08-20,1.0,38.9,6.0,,PR14,,PR03,,,,6.5,28.2,19.0,cluster_0,H01,H0105,H010500,H01050000,H0105000026,ST01,83,C031
9614416,P0408,S0048,2018-08-21,0.0,0.0,6.0,,PR14,,PR03,,,,6.5,28.2,19.0,cluster_0,H01,H0105,H010500,H01050000,H0105000026,ST01,83,C031
9633798,P0408,S0048,2018-08-22,0.0,0.0,6.0,,PR14,,PR03,,,,6.5,28.2,19.0,cluster_0,H01,H0105,H010500,H01050000,H0105000026,ST01,83,C031
9653161,P0408,S0048,2018-08-23,0.0,0.0,6.0,,PR14,,PR03,,,,6.5,28.2,19.0,cluster_0,H01,H0105,H010500,H01050000,H0105000026,ST01,83,C031
9672502,P0408,S0048,2018-08-24,0.0,0.0,6.0,,PR14,,PR03,,,,6.5,28.2,19.0,cluster_0,H01,H0105,H010500,H01050000,H0105000026,ST01,83,C031
9691828,P0408,S0048,2018-08-25,0.0,0.0,6.0,,PR14,,PR03,,,,6.5,28.2,19.0,cluster_0,H01,H0105,H010500,H01050000,H0105000026,ST01,83,C031
9711098,P0408,S0048,2018-08-26,0.0,0.0,6.0,,PR14,,PR03,,,,6.5,28.2,19.0,cluster_0,H01,H0105,H010500,H01050000,H0105000026,ST01,83,C031
9730267,P0408,S0048,2018-08-27,0.0,0.0,6.0,,PR14,,PR03,,,,6.5,28.2,19.0,cluster_0,H01,H0105,H010500,H01050000,H0105000026,ST01,83,C031
9749350,P0408,S0048,2018-08-28,0.0,0.0,6.0,,PR14,,PR03,,,,6.5,28.2,19.0,cluster_0,H01,H0105,H010500,H01050000,H0105000026,ST01,83,C031
9768389,P0408,S0048,2018-08-29,0.0,0.0,6.0,,PR14,,PR03,,,,6.5,28.2,19.0,cluster_0,H01,H0105,H010500,H01050000,H0105000026,ST01,83,C031
9787539,P0408,S0048,2018-08-30,0.0,0.0,6.0,,PR14,,PR03,,,,6.5,28.2,19.0,cluster_0,H01,H0105,H010500,H01050000,H0105000026,ST01,83,C031
9806668,P0408,S0048,2018-08-31,0.0,0.0,6.0,,PR14,,PR03,,,,6.5,28.2,19.0,cluster_0,H01,H0105,H010500,H01050000,H0105000026,ST01,83,C031
9825838,P0408,S0048,2018-09-01,0.0,0.0,6.0,45.9,PR14,,PR03,,,,6.5,28.2,19.0,cluster_0,H01,H0105,H010500,H01050000,H0105000026,ST01,83,C031
9845035,P0408,S0048,2018-09-02,0.0,0.0,6.0,45.9,PR14,,PR03,,,,6.5,28.2,19.0,cluster_0,H01,H0105,H010500,H01050000,H0105000026,ST01,83,C031
9864258,P0408,S0048,2018-09-03,0.0,0.0,6.0,45.9,PR14,,PR03,,,,6.5,28.2,19.0,cluster_0,H01,H0105,H010500,H01050000,H0105000026,ST01,83,C031
9883563,P0408,S0048,2018-09-04,0.0,0.0,6.0,45.9,PR14,,PR03,,,,6.5,28.2,19.0,cluster_0,H01,H0105,H010500,H01050000,H0105000026,ST01,83,C031
9902897,P0408,S0048,2018-09-05,0.0,0.0,6.0,45.9,PR14,,PR03,,,,6.5,28.2,19.0,cluster_0,H01,H0105,H010500,H01050000,H0105000026,ST01,83,C031
9922267,P0408,S0048,2018-09-06,0.0,0.0,6.0,45.9,PR14,,PR03,,,,6.5,28.2,19.0,cluster_0,H01,H0105,H010500,H01050000,H0105000026,ST01,83,C031
9941685,P0408,S0048,2018-09-07,0.0,0.0,6.0,45.9,PR14,,PR03,,,,6.5,28.2,19.0,cluster_0,H01,H0105,H010500,H01050000,H0105000026,ST01,83,C031
9961198,P0408,S0048,2018-09-08,0.0,0.0,6.0,45.9,PR14,,PR03,,,,6.5,28.2,19.0,cluster_0,H01,H0105,H010500,H01050000,H0105000026,ST01,83,C031
9980751,P0408,S0048,2018-09-09,0.0,0.0,6.0,45.9,PR14,,PR03,,,,6.5,28.2,19.0,cluster_0,H01,H0105,H010500,H01050000,H0105000026,ST01,83,C031
10000248,P0408,S0048,2018-09-10,0.0,0.0,6.0,45.9,PR14,,PR03,,,,6.5,28.2,19.0,cluster_0,H01,H0105,H010500,H01050000,H0105000026,ST01,83,C031
10019777,P0408,S0048,2018-09-11,0.0,0.0,6.0,45.9,PR14,,PR03,,,,6.5,28.2,19.0,cluster_0,H01,H0105,H010500,H01050000,H0105000026,ST01,83,C031
10039383,P0408,S0048,2018-09-12,0.0,0.0,6.0,45.9,PR14,,PR03,,,,6.5,28.2,19.0,cluster_0,H01,H0105,H010500,H01050000,H0105000026,ST01,83,C031
10332485,P0408,S0048,2018-09-27,1.0,38.9,13.0,45.9,PR14,,PR03,,,,6.5,28.2,19.0,cluster_0,H01,H0105,H010500,H01050000,H0105000026,ST01,83,C031
10351835,P0408,S0048,2018-09-28,0.0,0.0,13.0,45.9,PR14,,PR03,,,,6.5,28.2,19.0,cluster_0,H01,H0105,H010500,H01050000,H0105000026,ST01,83,C031
10371257,P0408,S0048,2018-09-29,0.0,0.0,13.0,51.5,PR14,,PR03,,,,6.5,28.2,19.0,cluster_0,H01,H0105,H010500,H01050000,H0105000026,ST01,83,C031
10390677,P0408,S0048,2018-09-30,0.0,0.0,13.0,51.5,PR14,,PR03,,,,6.5,28.2,19.0,cluster_0,H01,H0105,H010500,H01050000,H0105000026,ST01,83,C031
10409942,P0408,S0048,2018-10-01,0.0,0.0,13.0,51.5,PR14,,PR03,,,,6.5,28.2,19.0,cluster_0,H01,H0105,H010500,H01050000,H0105000026,ST01,83,C031
10429226,P0408,S0048,2018-10-02,0.0,0.0,13.0,51.5,PR14,,PR03,,,,6.5,28.2,19.0,cluster_0,H01,H0105,H010500,H01050000,H0105000026,ST01,83,C031
10448601,P0408,S0048,2018-10-03,0.0,0.0,13.0,51.5,PR14,,PR03,,,,6.5,28.2,19.0,cluster_0,H01,H0105,H010500,H01050000,H0105000026,ST01,83,C031
10467980,P0408,S0048,2018-10-04,0.0,0.0,13.0,51.5,PR14,,PR03,,,,6.5,28.2,19.0,cluster_0,H01,H0105,H010500,H01050000,H0105000026,ST01,83,C031
10487418,P0408,S0048,2018-10-05,0.0,0.0,13.0,51.5,PR14,,PR03,,,,6.5,28.2,19.0,cluster_0,H01,H0105,H010500,H01050000,H0105000026,ST01,83,C031
10506911,P0408,S0048,2018-10-06,0.0,0.0,13.0,51.5,PR14,,PR03,,,,6.5,28.2,19.0,cluster_0,H01,H0105,H010500,H01050000,H0105000026,ST01,83,C031
