sale_11.csv
Unnamed: 0,product_id,store_id,date,sales,revenue,stock,price,promo_type_1,promo_bin_1,promo_type_2,promo_bin_2,promo_discount_2,promo_discount_type_2,product_length,product_depth,product_width,cluster_id,hierarchy1_id,hierarchy2_id,hierarchy3_id,hierarchy4_id,hierarchy5_id,storetype_id,store_size,city_id
10526384,P0408,S0048,2018-10-07,0.0,0.0,13.0,51.5,PR14,,PR03,,,,6.5,28.2,19.0,cluster_0,H01,H0105,H010500,H01050000,H0105000026,ST01,83,C031
10545776,P0408,S0048,2018-10-08,0.0,0.0,13.0,51.5,PR14,,PR03,,,,6.5,28.2,19.0,cluster_0,H01,H0105,H010500,H01050000,H0105000026,ST01,83,C031
10642917,P0408,S0048,2018-10-13,0.0,0.0,11.0,51.5,PR14,,PR03,,,,6.5,28.2,19.0,cluster_0,H01,H0105,H010500,H01050000,H0105000026,ST01,83,C031
10662356,P0408,S0048,2018-10-14,0.0,0.0,11.0,51.5,PR14,,PR03,,,,6.5,28.2,19.0,cluster_0,H01,H0105,H010500,H01050000,H0105000026,ST01,83,C031
10681693,P0408,S0048,2018-10-15,0.0,0.0,11.0,51.5,PR14,,PR03,,,,6.5,28.2,19.0,cluster_0,H01,H0105,H010500,H01050000,H0105000026,ST01,83,C031
10700941,P0408,S0048,2018-10-16,0.0,0.0,11.0,51.5,PR14,,PR03,,,,6.5,28.2,19.0,cluster_0,H01,H0105,H010500,H01050000,H0105000026,ST01,83,C031
10720123,P0408,S0048,2018-10-17,0.0,0.0,11.0,51.5,PR14,,PR03,,,,6.5,28.2,19.0,cluster_0,H01,H0105,H010500,H01050000,H0105000026,ST01,83,C031
10739277,P0408,S0048,2018-10-18,0.0,0.0,11.0,51.5,PR14,,PR03,,,,6.5,28.2,19.0,cluster_0,H01,H0105,H010500,H01050000,H0105000026,ST01,83,C031
10758396,P0408,S0048,2018-10-19,1.0,43.64,10.0,51.5,PR14,,PR03,,,,6.5,28.2,19.0,cluster_0,H01,H0105,H010500,H01050000,H0105000026,ST01,83,C031
10777540,P0408,S0048,2018-10-20,0.0,0.0,10.0,51.5,PR14,,PR03,,,,6.5,28.2,19.0,cluster_0,H01,H0105,H010500,H01050000,H0105000026,ST01,83,C031
10796670,P0408,S0048,2018-10-21,0.0,0.0,10.0,51.5,PR14,,PR03,,,,6.5,28.2,19.0,cluster_0,H01,H0105,H010500,H01050000,H0105000026,ST01,83,C031
10815752,P0408,S0048,2018-10-22,0.0,0.0,10.0,51.5,PR14,,PR03,,,,6.5,28.2,19.0,cluster_0,H01,H0105,H010500,H01050000,H0105000026,ST01,83,C031
10834802,P0408,S0048,2018-10-23,0.0,0.0,22.0,51.5,PR14,,PR03,,,,6.5,28.2,19.0,cluster_0,H01,H0105,H010500,H01050000,H0105000026,ST01,83,C031
10853835,P0408,S0048,2018-10-24,0.0,0.0,22.0,51.5,PR14,,PR03,,,,6.5,28.2,19.0,cluster_0,H01,H0105,H010500,H01050000,H0105000026,ST01,83,C031
11137784,P0408,S0048,2018-11-08,0.0,0.0,15.0,51.5,PR14,,PR03,,,,6.5,28.2,19.0,cluster_0,H01,H0105,H010500,H01050000,H0105000026,ST01,83,C031
11156709,P0408,S0048,2018-11-09,0.0,0.0,15.0,51.5,PR14,,PR03,,,,6.5,28.2,19.0,cluster_0,H01,H0105,H010500,H01050000,H0105000026,ST01,83,C031
11175692,P0408,S0048,2018-11-10,0.0,0.0,15.0,51.5,PR14,,PR03,,,,6.5,28.2,19.0,cluster_0,H01,H0105,H010500,H01050000,H0105000026,ST01,83,C031
11194681,P0408,S0048,2018-11-11,0.0,0.0,15.0,51.5,PR14,,PR03,,,,6.5,28.2,19.0,cluster_0,H01,H0105,H010500,H01050000,H0105000026,ST01,83,C031
11213656,P0408,S0048,2018-11-12,0.0,0.0,15.0,51.5,PR14,,PR03,,,,6.5,28.2,19.0,cluster_0,H01,H0105,H010500,H01050000,H0105000026,ST01,83,C031
11232640,P0408,S0048,2018-11-13,0.0,0.0,15.0,51.5,PR14,,PR03,,,,6.5,28.2,19.0,cluster_0,H01,H0105,H010500,H01050000,H0105000026,ST01,83,C031
11251720,P0408,S0048,2018-11-14,0.0,0.0,15.0,51.5,PR14,,PR03,,,,6.5,28.2,19.0,cluster_0,H01,H0105,H010500,H01050000,H0105000026,ST01,83,C031
11270886,P0408,S0048,2018-11-15,0.0,0.0,15.0,51.5,PR14,,PR03,,,,6.5,28.2,19.0,cluster_0,H01,H0105,H010500,H01050000,H0105000026,ST01,83,C031
11290090,P0408,S0048,2018-11-16,0.0,0.0,15.0,51.5,PR14,,PR03,,,,6.5,28.2,19.0,cluster_0,H01,H0105,H010500,H01050000,H0105000026,ST01,83,C031
11309318,P0408,S0048,2018-11-17,0.0,0.0,15.0,51.5,PR14,,PR03,,,,6.5,28.2,19.0,cluster_0,H01,H0105,H010500,H01050000,H0105000026,ST01,83,C031
11328585,P0408,S0048,2018-11-18,0.0,0.0,15.0,51.5,PR14,,PR03,,,,6.5,28.2,19.0,cluster_0,H01,H0105,H010500,H01050000,H0105000026,ST01,83,C031
11347770,P0408,S0048,2018-11-19,0.0,0.0,15.0,51.5,PR14,,PR03,,,,6.5,28.2,19.0,cluster_0,H01,H0105,H010500,H01050000,H0105000026,ST01,83,C031
11366939,P0408,S0048,2018-11-20,0.0,0.0,15.0,51.5,PR14,,PR03,,,,6.5,28.2,19.0,cluster_0,H01,H0105,H010500,H01050000,H0105000026,ST01,83,C031
11386132,P0408,S0048,2018-11-21,0.0,0.0,15.0,51.5,PR14,,PR03,,,,6.5,28.2,19.0,cluster_0,H01,H0105,H010500,H01050000,H0105000026,ST01,83,C031
11405361,P0408,S0048,2018-11-22,0.0,0.0,15.0,51.5,PR14,,PR03,,,,6.5,28.2,19.0,cluster_0,H01,H0105,H010500,H01050000,H0105000026,ST01,83,C031
11424616,P0408,S0048,2018-11-23,0.0,0.0,15.0,51.5,PR14,,PR03,,,,6.5,28.2,19.0,cluster_0,H01,H0105,H010500,H01050000,H0105000026,ST01,83,C031
11443876,P0408,S0048,2018-11-24,0.0,0.0,15.0,51.5,PR14,,PR03,,,,6.5,28.2,19.0,cluster_0,H01,H0105,H010500,H01050000,H0105000026,ST01,83,C031
11463086,P0408,S0048,2018-11-25,0.0,0.0,15.0,51.5,PR14,,PR03,,,,6.5,28.2,19.0,cluster_0,H01,H0105,H010500,H01050000,H0105000026,ST01,83,C031
11482181,P0408,S0048,2018-11-26,0.0,0.0,15.0,51.5,PR14,,PR03,,,,6.5,28.2,19.0,cluster_0,H01,H0105,H010500,H01050000,H0105000026,ST01,83,C031
11501188,P0408,S0048,2018-11-27,0.0,0.0,15.0,51.5,PR14,,PR03,,,,6.5,28.2,19.0,cluster_0,H01,H0105,H010500,H01050000,H0105000026,ST01,83,C031
11520166,P0408,S0048,2018-11-28,0.0,0.0,15.0,51.5,PR14,,PR03,,,,6.5,28.2,19.0,cluster_0,H01,H0105,H010500,H01050000,H0105000026,ST01,83,C031
11539136,P0408,S0048,2018-11-29,0.0,0.0,15.0,51.5,PR14,,PR03,,,,6.5,28.2,19.0,cluster_0,H01,H0105,H010500,H01050000,H0105000026,ST01,83,C031
11558165,P0408,S0048,2018-11-30,0.0,0.0,15.0,51.5,PR14,,PR03,,,,6.5,28.2,19.0,cluster_0,H01,H0105,H010500,H01050000,H0105000026,ST01,83,C031
11577288,P0408,S0048,2018-12-01,0.0,0.0,15.0,51.5,PR14,,PR03,,,,6.5,28.2,19.0,cluster_0,H01,H0105,H010500,H01050000,H0105000026,ST01,83,C031
11596424,P0408,S0048,2018-12-02,0.0,0.0,15.0,51.5,PR14,,PR03,,,,6.5,28.2,19.0,cluster_0,H01,H0105,H010500,H01050000,H0105000026,ST01,83,C031
11615535,P0408,S0048,2018-12-03,0.0,0.0,15.0,51.5,PR14,,PR03,,,,6.5,28.2,19.0,cluster_0,H01,H0105,H010500,H01050000,H0105000026,ST01,83,C031
11634684,P0408,S0048,2018-12-04,0.0,0.0,15.0,51.5,PR14,,PR03,,,,6.5,28.2,19.0,cluster_0,H01,H0105,H010500,H01050000,H0105000026,ST01,83,C031
11653860,P0408,S0048,2018-12-05,0.0,0.0,15.0,51.5,PR14,,PR03,,,,6.5,28.2,19.0,cluster_0,H01,H0105,H010500,H01050000,H0105000026,ST01,83,C031
10059025,P0408,S0048,2018-09-13,0.0,0.0,6.0,45.9,PR05,low,PR03,,,,6.5,28.2,19.0,cluster_0,H01,H0105,H010500,H01050000,H0105000026,ST01,83,C031
10078677,P0408,S0048,2018-09-14,0.0,0.0,18.0,45.9,PR05,low,PR03,,,,6.5,28.2,19.0,cluster_0,H01,H0105,H010500,H01050000,H0105000026,ST01,83,C031
10098391,P0408,S0048,2018-09-15,1.0,29.17,17.0,45.9,PR05,low,PR03,,,,6.5,28.2,19.0,cluster_0,H01,H0105,H010500,H01050000,H0105000026,ST01,83,C031
10118126,P0408,S0048,2018-09-16,0.0,0.0,17.0,45.9,PR05,low,PR03,,,,6.5,28.2,19.0,cluster_0,H01,H0105,H010500,H01050000,H0105000026,ST01,83,C031
10137699,P0408,S0048,2018-09-17,0.0,0.0,17.0,45.9,PR05,low,PR03,,,,6.5,28.2,19.0,cluster_0,H01,H0105,H010500,H01050000,H0105000026,ST01,83,C031
10157192,P0408,S0048,2018-09-18,0.0,0.0,17.0,45.9,PR05,low,PR03,,,,6.5,28.2,19.0,cluster_0,H01,H0105,H010500,H01050000,H0105000026,ST01,83,C031
10176666,P0408,S0048,2018-09-19,0.0,0.0,17.0,45.9,PR05,low,PR03,,,,6.5,28.2,19.0,cluster_0,H01,H0105,H010500,H01050000,H0105000026,ST01,83,C031
10196183,P0408,S0048,2018-09-20,0.0,0.0,17.0,45.9,PR05,low,PR03,,,,6.5,28.2,19.0,cluster_0,H01,H0105,H010500,H01050000,H0105000026,ST01,83,C031
10215743,P0408,S0048,2018-09-21,0.0,0.0,17.0,45.9,PR05,low,PR03,,,,6.5,28.2,19.0,cluster_0,H01,H0105,H010500,H01050000,H0105000026,ST01,83,C031
10235348,P0408,S0048,2018-09-22,0.0,0.0,17.0,45.9,PR05,low,PR03,,,,6.5,28.2,19.0,cluster_0,H01,H0105,H010500,H01050000,H0105000026,ST01,83,C031
10254921,P0408,S0048,2018-09-23,0.0,0.0,17.0,45.9,PR05,low,PR03,,,,6.5,28.2,19.0,cluster_0,H01,H0105,H010500,H01050000,H0105000026,ST01,83,C031
10274389,P0408,S0048,2018-09-24,0.0,0.0,17.0,45.9,PR05,low,PR03,,,,6.5,28.2,19.0,cluster_0,H01,H0105,H010500,H01050000,H0105000026,ST01,83,C031
10293770,P0408,S0048,2018-09-25,0.0,0.0,17.0,45.9,PR05,low,PR03,,,,6.5,28.2,19.0,cluster_0,H01,H0105,H010500,H01050000,H0105000026,ST01,83,C031
10313135,P0408,S0048,2018-09-26,3.0,87.51,14.0,45.9,PR05,low,PR03,,,,6.5,28.2,19.0,cluster_0,H01,H0105,H010500,H01050000,H0105000026,ST01,83,C031
10565145,P0408,S0048,2018-10-09,1.0,32.73,12.0,51.5,PR05,low,PR03,,,,6.5,28.2,19.0,cluster_0,H01,H0105,H010500,H01050000,H0105000026,ST01,83,C031
10584554,P0408,S0048,2018-10-10,1.0,32.73,11.0,51.5,PR05,low,PR03,,,,6.5,28.2,19.0,cluster_0,H01,H0105,H010500,H01050000,H0105000026,ST01,83,C031
10603986,P0408,S0048,2018-10-11,0.0,0.0,11.0,51.5,PR05,low,PR03,,,,6.5,28.2,19.0,cluster_0,H01,H0105,H010500,H01050000,H0105000026,ST01,83,C031
10623442,P0408,S0048,2018-10-12,0.0,0.0,11.0,51.5,PR05,low,PR03,,,,6.5,28.2,19.0,cluster_0,H01,H0105,H010500,H01050000,H0105000026,ST01,83,C031
